Component: Arm Compiler for Embedded 6.19 Tool: armlink [5e73cb00]

==============================================================================

Section Cross References

    startup_stm32f303xc.o(STACK) refers (Special) to heapauxi.o(.text) for __use_two_region_memory
    startup_stm32f303xc.o(HEAP) refers (Special) to heapauxi.o(.text) for __use_two_region_memory
    startup_stm32f303xc.o(RESET) refers (Special) to heapauxi.o(.text) for __use_two_region_memory
    startup_stm32f303xc.o(RESET) refers to startup_stm32f303xc.o(STACK) for __initial_sp
    startup_stm32f303xc.o(RESET) refers to startup_stm32f303xc.o(.text) for Reset_Handler
    startup_stm32f303xc.o(RESET) refers to stm32f3xx_it.o(.text.NMI_Handler) for NMI_Handler
    startup_stm32f303xc.o(RESET) refers to stm32f3xx_it.o(.text.HardFault_Handler) for HardFault_Handler
    startup_stm32f303xc.o(RESET) refers to stm32f3xx_it.o(.text.MemManage_Handler) for MemManage_Handler
    startup_stm32f303xc.o(RESET) refers to stm32f3xx_it.o(.text.BusFault_Handler) for BusFault_Handler
    startup_stm32f303xc.o(RESET) refers to stm32f3xx_it.o(.text.UsageFault_Handler) for UsageFault_Handler
    startup_stm32f303xc.o(RESET) refers to stm32f3xx_it.o(.text.SVC_Handler) for SVC_Handler
    startup_stm32f303xc.o(RESET) refers to stm32f3xx_it.o(.text.DebugMon_Handler) for DebugMon_Handler
    startup_stm32f303xc.o(RESET) refers to stm32f3xx_it.o(.text.PendSV_Handler) for PendSV_Handler
    startup_stm32f303xc.o(RESET) refers to stm32f3xx_it.o(.text.SysTick_Handler) for SysTick_Handler
    startup_stm32f303xc.o(RESET) refers to stm32f3xx_it.o(.text.DMA1_Channel1_IRQHandler) for DMA1_Channel1_IRQHandler
    startup_stm32f303xc.o(RESET) refers to stm32f3xx_it.o(.text.USB_LP_CAN_RX0_IRQHandler) for USB_LP_CAN_RX0_IRQHandler
    startup_stm32f303xc.o(RESET) refers to stm32f3xx_it.o(.text.TIM1_CC_IRQHandler) for TIM1_CC_IRQHandler
    startup_stm32f303xc.o(RESET) refers to stm32f3xx_it.o(.text.TIM2_IRQHandler) for TIM2_IRQHandler
    startup_stm32f303xc.o(RESET) refers to stm32f3xx_it.o(.text.TIM3_IRQHandler) for TIM3_IRQHandler
    startup_stm32f303xc.o(RESET) refers to stm32f3xx_it.o(.text.USART1_IRQHandler) for USART1_IRQHandler
    startup_stm32f303xc.o(RESET) refers to stm32f3xx_it.o(.text.TIM6_DAC_IRQHandler) for TIM6_DAC_IRQHandler
    startup_stm32f303xc.o(.text) refers (Special) to heapauxi.o(.text) for __use_two_region_memory
    startup_stm32f303xc.o(.text) refers to system_stm32f3xx.o(.text.SystemInit) for SystemInit
    startup_stm32f303xc.o(.text) refers to __main.o(!!!main) for __main
    startup_stm32f303xc.o(.text) refers to startup_stm32f303xc.o(HEAP) for Heap_Mem
    startup_stm32f303xc.o(.text) refers to startup_stm32f303xc.o(STACK) for Stack_Mem
    main.o(.ARM.exidx.text.HAL_TIM_ElapsedPeriodCallback) refers to main.o(.text.HAL_TIM_ElapsedPeriodCallback) for [Anonymous Symbol]
    main.o(.text.HAL_TIM_PeriodElapsedCallback) refers to main.o(.bss..L_MergedGlobals) for .L_MergedGlobals
    main.o(.text.HAL_TIM_PeriodElapsedCallback) refers to main.o(.bss.huart1) for huart1
    main.o(.text.HAL_TIM_PeriodElapsedCallback) refers to stm32f3xx_hal_uart.o(.text.HAL_UART_Transmit) for HAL_UART_Transmit
    main.o(.text.HAL_TIM_PeriodElapsedCallback) refers to main.o(.bss.htim6) for htim6
    main.o(.text.HAL_TIM_PeriodElapsedCallback) refers to stm32f3xx_hal_dac_ex.o(.text.HAL_DAC_SetValue) for HAL_DAC_SetValue
    main.o(.ARM.exidx.text.HAL_TIM_PeriodElapsedCallback) refers to main.o(.text.HAL_TIM_PeriodElapsedCallback) for [Anonymous Symbol]
    main.o(.text.main) refers to stm32f3xx_hal.o(.text.HAL_Init) for HAL_Init
    main.o(.text.main) refers to rt_memclr_w.o(.text) for __aeabi_memclr4
    main.o(.text.main) refers to stm32f3xx_hal_rcc.o(.text.HAL_RCC_OscConfig) for HAL_RCC_OscConfig
    main.o(.text.main) refers to stm32f3xx_hal_rcc.o(.text.HAL_RCC_ClockConfig) for HAL_RCC_ClockConfig
    main.o(.text.main) refers to stm32f3xx_hal_rcc_ex.o(.text.HAL_RCCEx_PeriphCLKConfig) for HAL_RCCEx_PeriphCLKConfig
    main.o(.text.main) refers to stm32f3xx_hal_gpio.o(.text.HAL_GPIO_WritePin) for HAL_GPIO_WritePin
    main.o(.text.main) refers to stm32f3xx_hal_gpio.o(.text.HAL_GPIO_Init) for HAL_GPIO_Init
    main.o(.text.main) refers to stm32f3xx_hal_cortex.o(.text.HAL_NVIC_SetPriority) for HAL_NVIC_SetPriority
    main.o(.text.main) refers to stm32f3xx_hal_cortex.o(.text.HAL_NVIC_EnableIRQ) for HAL_NVIC_EnableIRQ
    main.o(.text.main) refers to main.o(.bss.hadc1) for hadc1
    main.o(.text.main) refers to stm32f3xx_hal_adc_ex.o(.text.HAL_ADC_Init) for HAL_ADC_Init
    main.o(.text.main) refers to stm32f3xx_hal_adc_ex.o(.text.HAL_ADCEx_MultiModeConfigChannel) for HAL_ADCEx_MultiModeConfigChannel
    main.o(.text.main) refers to stm32f3xx_hal_adc_ex.o(.text.HAL_ADC_ConfigChannel) for HAL_ADC_ConfigChannel
    main.o(.text.main) refers to main.o(.bss..L_MergedGlobals) for .L_MergedGlobals
[...]
    $v0                                      0x08007a52   Number         0  fretinf.o(x$fpl$fretinf)
    x$fpl$fretinf                            0x08007a52   Section       10  fretinf.o(x$fpl$fretinf)
    x$fpl$usenofp                            0x08007a5c   Section        0  usenofp.o(x$fpl$usenofp)
    aPLLMULFactorTable                       0x08007a74   Data          16  stm32f3xx_hal_rcc.o(.rodata.cst16)
    [Anonymous Symbol]                       0x08007a74   Section        0  stm32f3xx_hal_rcc.o(.rodata.cst16)
    aPredivFactorTable                       0x08007a84   Data          16  stm32f3xx_hal_rcc.o(.rodata.cst16)
    .Lswitch.table.UART_SetConfig.4          0x08007a94   Data          16  stm32f3xx_hal_uart.o(.rodata.cst16)
    .L_MergedGlobals                         0x20000000   Data           8  stm32f3xx_hal.o(.data..L_MergedGlobals)
    [Anonymous Symbol]                       0x20000000   Section        0  stm32f3xx_hal.o(.data..L_MergedGlobals)
    USBD_CDC_DeviceQualifierDesc             0x200000e8   Data          10  usbd_cdc.o(.data.USBD_CDC_DeviceQualifierDesc)
    [Anonymous Symbol]                       0x200000e8   Section        0  usbd_cdc.o(.data.USBD_CDC_DeviceQualifierDesc)
    .bss                                     0x20000180   Section       96  libspace.o(.bss)
    .L_MergedGlobals                         0x200001e0   Data         108  main.o(.bss..L_MergedGlobals)
    [Anonymous Symbol]                       0x200001e0   Section        0  main.o(.bss..L_MergedGlobals)
    USBD_SetConfig.cfgidx                    0x2000024c   Data           1  usbd_ctlreq.o(.bss.USBD_SetConfig.cfgidx)
    [Anonymous Symbol]                       0x2000024c   Section        0  usbd_ctlreq.o(.bss.USBD_SetConfig.cfgidx)
    USBD_static_malloc.mem                   0x20000450   Data         544  usbd_conf.o(.bss.USBD_static_malloc.mem)
    [Anonymous Symbol]                       0x20000450   Section        0  usbd_conf.o(.bss.USBD_static_malloc.mem)
    Heap_Mem                                 0x20001628   Data         512  startup_stm32f303xc.o(HEAP)
    HEAP                                     0x20001628   Section      512  startup_stm32f303xc.o(HEAP)
    Stack_Mem                                0x20001828   Data        1024  startup_stm32f303xc.o(STACK)
    STACK                                    0x20001828   Section     1024  startup_stm32f303xc.o(STACK)
    __initial_sp                             0x20001c28   Data           0  startup_stm32f303xc.o(STACK)

    Global Symbols

    Symbol Name                              Value     Ov Type        Size  Object(Section)

    BuildAttributes$$THM_ISAv4$E$P$D$K$B$S$7EM$VFPi3$EXTD16$VFPS$VFMA$PE$A:L22UL41UL21$X:L11$S22US41US21$IEEE1$IW$~IW$USESV6$~STKCKD$USESV7$~SHL$OTIME$ROPI$EBA8$UX$STANDARDLIB$REQ8$PRES8$EABIv2 0x00000000   Number         0  anon$$obj.o ABSOLUTE
    __ARM_exceptions_init                     - Undefined Weak Reference
    __alloca_initialize                       - Undefined Weak Reference
    __arm_preinit_                            - Undefined Weak Reference
    __arm_relocate_pie_                       - Undefined Weak Reference
    __cpp_initialize__aeabi_                  - Undefined Weak Reference
    __cxa_finalize                            - Undefined Weak Reference
    __rt_locale                               - Undefined Weak Reference
    __sigvec_lookup                           - Undefined Weak Reference
    _atexit_init                              - Undefined Weak Reference
    _call_atexit_fns                          - Undefined Weak Reference
    _clock_init                               - Undefined Weak Reference
    _fp_trap_init                             - Undefined Weak Reference
    _fp_trap_shutdown                         - Undefined Weak Reference
    _get_lc_collate                           - Undefined Weak Reference
    _get_lc_ctype                             - Undefined Weak Reference
    _get_lc_monetary                          - Undefined Weak Reference
    _get_lc_numeric                           - Undefined Weak Reference
    _get_lc_time                              - Undefined Weak Reference
    _getenv_init                              - Undefined Weak Reference
    _handle_redirection                       - Undefined Weak Reference
    _init_alloc                               - Undefined Weak Reference
    _init_user_alloc                          - Undefined Weak Reference
    _initio                                   - Undefined Weak Reference
    _rand_init                                - Undefined Weak Reference
    _signal_finish                            - Undefined Weak Reference
    _signal_init                              - Undefined Weak Reference
    _terminate_alloc                          - Undefined Weak Reference
    _terminate_user_alloc                     - Undefined Weak Reference
    _terminateio                              - Undefined Weak Reference
    __Vectors_Size                           0x00000188   Number         0  startup_stm32f303xc.o ABSOLUTE
    __Vectors                                0x08000000   Data           4  startup_stm32f303xc.o(RESET)
    __Vectors_End                            0x08000188   Data           0  startup_stm32f303xc.o(RESET)
    __main                                   0x08000189   Thumb Code     8  __main.o(!!!main)
    __scatterload                            0x08000191   Thumb Code     0  __scatter.o(!!!scatter)
    __scatterload_rt2                        0x08000191   Thumb Code    44  __scatter.o(!!!scatter)
    __scatterload_rt2_thumb_only             0x08000191   Thumb Code     0  __scatter.o(!!!scatter)
    __scatterload_null                       0x0800019f   Thumb Code     0  __scatter.o(!!!scatter)
    __decompress                             0x080001c5   Thumb Code    90  __dczerorl2.o(!!dczerorl2)
    __decompress1                            0x080001c5   Thumb Code     0  __dczerorl2.o(!!dczerorl2)
    __scatterload_zeroinit                   0x08000221   Thumb Code    28  __scatter_zi.o(!!handler_zi)
    __rt_lib_init                            0x0800023d   Thumb Code     0  libinit.o(.ARM.Collect$$libinit$$00000000)
    __rt_lib_init_fp_1                       0x0800023f   Thumb Code     0  libinit2.o(.ARM.Collect$$libinit$$00000001)
    __rt_lib_init_alloca_1                   0x08000243   Thumb Code     0  libinit2.o(.ARM.Collect$$libinit$$00000030)
    __rt_lib_init_argv_1                     0x08000243   Thumb Code     0  libinit2.o(.ARM.Collect$$libinit$$0000002E)
    __rt_lib_init_atexit_1                   0x08000243   Thumb Code     0  libinit2.o(.ARM.Collect$$libinit$$0000001D)
    __rt_lib_init_clock_1                    0x08000243   Thumb Code     0  libinit2.o(.ARM.Collect$$libinit$$00000023)
    __rt_lib_init_cpp_1                      0x08000243   Thumb Code     0  libinit2.o(.ARM.Collect$$libinit$$00000034)
    __rt_lib_init_exceptions_1               0x08000243   Thumb Code     0  libinit2.o(.ARM.Collect$$libinit$$00000032)
    __rt_lib_init_fp_trap_1                  0x08000243   Thumb Code     0  libinit2.o(.ARM.Collect$$libinit$$00000021)
    __rt_lib_init_getenv_1                   0x08000243   Thumb Code     0  libinit2.o(.ARM.Collect$$libinit$$00000025)
    __rt_lib_init_heap_1                     0x08000243   Thumb Code     0  libinit2.o(.ARM.Collect$$libinit$$0000000C)
    __rt_lib_init_lc_collate_1               0x08000243   Thumb Code     0  libinit2.o(.ARM.Collect$$libinit$$00000013)
    __rt_lib_init_lc_ctype_1                 0x08000243   Thumb Code     0  libinit2.o(.ARM.Collect$$libinit$$00000015)
    __rt_lib_init_lc_monetary_1              0x08000243   Thumb Code     0  libinit2.o(.ARM.Collect$$libinit$$00000017)
    __rt_lib_init_lc_numeric_1               0x08000243   Thumb Code     0  libinit2.o(.ARM.Collect$$libinit$$00000019)
    __rt_lib_init_lc_time_1                  0x08000243   Thumb Code     0  libinit2.o(.ARM.Collect$$libinit$$0000001B)
    __rt_lib_init_preinit_1                  0x08000243   Thumb Code     0  libinit2.o(.ARM.Collect$$libinit$$00000006)
    __rt_lib_init_rand_1                     0x08000243   Thumb Code     0  libinit2.o(.ARM.Collect$$libinit$$00000010)
    __rt_lib_init_relocate_pie_1             0x08000243   Thumb Code     0  libinit2.o(.ARM.Collect$$libinit$$00000004)
    __rt_lib_init_return                     0x08000243   Thumb Code     0  libinit2.o(.ARM.Collect$$libinit$$00000035)
    __rt_lib_init_signal_1                   0x08000243   Thumb Code     0  libinit2.o(.ARM.Collect$$libinit$$0000001F)
    __rt_lib_init_stdio_1                    0x08000243   Thumb Code     0  libinit2.o(.ARM.Collect$$libinit$$00000027)
    __rt_lib_init_user_alloc_1               0x08000243   Thumb Code     0  libinit2.o(.ARM.Collect$$libinit$$0000000E)
    __rt_lib_shutdown                        0x08000245   Thumb Code     0  libshutdown.o(.ARM.Collect$$libshutdown$$00000000)
    __rt_lib_shutdown_cpp_1                  0x08000247   Thumb Code     0  libshutdown2.o(.ARM.Collect$$libshutdown$$00000002)
    __rt_lib_shutdown_fp_trap_1              0x08000247   Thumb Code     0  libshutdown2.o(.ARM.Collect$$libshutdown$$00000007)
    __rt_lib_shutdown_heap_1                 0x08000247   Thumb Code     0  libshutdown2.o(.ARM.Collect$$libshutdown$$0000000F)
    __rt_lib_shutdown_return                 0x08000247   Thumb Code     0  libshutdown2.o(.ARM.Collect$$libshutdown$$00000010)
    __rt_lib_shutdown_signal_1               0x08000247   Thumb Code     0  libshutdown2.o(.ARM.Collect$$libshutdown$$0000000A)
    __rt_lib_shutdown_stdio_1                0x08000247   Thumb Code     0  libshutdown2.o(.ARM.Collect$$libshutdown$$00000004)
    __rt_lib_shutdown_user_alloc_1           0x08000247   Thumb Code     0  libshutdown2.o(.ARM.Collect$$libshutdown$$0000000C)
    __rt_entry                               0x08000249   Thumb Code     0  __rtentry.o(.ARM.Collect$$rtentry$$00000000)
    __rt_entry_presh_1                       0x08000249   Thumb Code     0  __rtentry2.o(.ARM.Collect$$rtentry$$00000002)
    __rt_entry_sh                            0x08000249   Thumb Code     0  __rtentry4.o(.ARM.Collect$$rtentry$$00000004)
    __rt_entry_li                            0x0800024f   Thumb Code     0  __rtentry2.o(.ARM.Collect$$rtentry$$0000000A)
    __rt_entry_postsh_1                      0x0800024f   Thumb Code     0  __rtentry2.o(.ARM.Collect$$rtentry$$00000009)
    __rt_entry_main                          0x08000253   Thumb Code     0  __rtentry2.o(.ARM.Collect$$rtentry$$0000000D)
    __rt_entry_postli_1                      0x08000253   Thumb Code     0  __rtentry2.o(.ARM.Collect$$rtentry$$0000000C)
    __rt_exit                                0x0800025b   Thumb Code     0  rtexit.o(.ARM.Collect$$rtexit$$00000000)
    __rt_exit_ls                             0x0800025d   Thumb Code     0  rtexit2.o(.ARM.Collect$$rtexit$$00000003)
    __rt_exit_prels_1                        0x0800025d   Thumb Code     0  rtexit2.o(.ARM.Collect$$rtexit$$00000002)
    __rt_exit_exit                           0x08000261   Thumb Code     0  rtexit2.o(.ARM.Collect$$rtexit$$00000004)
    Reset_Handler                            0x08000269   Thumb Code     8  startup_stm32f303xc.o(.text)
    ADC1_2_IRQHandler                        0x08000283   Thumb Code     0  startup_stm32f303xc.o(.text)
    ADC3_IRQHandler                          0x08000283   Thumb Code     0  startup_stm32f303xc.o(.text)
    ADC4_IRQHandler                          0x08000283   Thumb Code     0  startup_stm32f303xc.o(.text)
    CAN_RX1_IRQHandler                       0x08000283   Thumb Code     0  startup_stm32f303xc.o(.text)
    CAN_SCE_IRQHandler                       0x08000283   Thumb Code     0  startup_stm32f303xc.o(.text)
    COMP1_2_3_IRQHandler                     0x08000283   Thumb Code     0  startup_stm32f303xc.o(.text)
    COMP4_5_6_IRQHandler                     0x08000283   Thumb Code     0  startup_stm32f303xc.o(.text)
    COMP7_IRQHandler                         0x08000283   Thumb Code     0  startup_stm32f303xc.o(.text)
    DMA1_Channel2_IRQHandler                 0x08000283   Thumb Code     0  startup_stm32f303xc.o(.text)
    DMA1_Channel3_IRQHandler                 0x08000283   Thumb Code     0  startup_stm32f303xc.o(.text)
    DMA1_Channel4_IRQHandler                 0x08000283   Thumb Code     0  startup_stm32f303xc.o(.text)
    DMA1_Channel5_IRQHandler                 0x08000283   Thumb Code     0  startup_stm32f303xc.o(.text)
    DMA1_Channel6_IRQHandler                 0x08000283   Thumb Code     0  startup_stm32f303xc.o(.text)
    DMA1_Channel7_IRQHandler                 0x08000283   Thumb Code     0  startup_stm32f303xc.o(.text)
    DMA2_Channel1_IRQHandler                 0x08000283   Thumb Code     0  startup_stm32f303xc.o(.text)
    DMA2_Channel2_IRQHandler                 0x08000283   Thumb Code     0  startup_stm32f303xc.o(.text)
    DMA2_Channel3_IRQHandler                 0x08000283   Thumb Code     0  startup_stm32f303xc.o(.text)
    DMA2_Channel4_IRQHandler                 0x08000283   Thumb Code     0  startup_stm32f303xc.o(.text)
    DMA2_Channel5_IRQHandler                 0x08000283   Thumb Code     0  startup_stm32f303xc.o(.text)
    EXTI0_IRQHandler                         0x08000283   Thumb Code     0  startup_stm32f303xc.o(.text)
    EXTI15_10_IRQHandler                     0x08000283   Thumb Code     0  startup_stm32f303xc.o(.text)
    EXTI1_IRQHandler                         0x08000283   Thumb Code     0  startup_stm32f303xc.o(.text)
    EXTI2_TSC_IRQHandler                     0x08000283   Thumb Code     0  startup_stm32f303xc.o(.text)
    EXTI3_IRQHandler                         0x08000283   Thumb Code     0  startup_stm32f303xc.o(.text)
    EXTI4_IRQHandler                         0x08000283   Thumb Code     0  startup_stm32f303xc.o(.text)
    EXTI9_5_IRQHandler                       0x08000283   Thumb Code     0  startup_stm32f303xc.o(.text)
    FLASH_IRQHandler                         0x08000283   Thumb Code     0  startup_stm32f303xc.o(.text)
    FPU_IRQHandler                           0x08000283   Thumb Code     0  startup_stm32f303xc.o(.text)
    I2C1_ER_IRQHandler                       0x08000283   Thumb Code     0  startup_stm32f303xc.o(.text)
    I2C1_EV_IRQHandler                       0x08000283   Thumb Code     0  startup_stm32f303xc.o(.text)
    I2C2_ER_IRQHandler                       0x08000283   Thumb Code     0  startup_stm32f303xc.o(.text)
    I2C2_EV_IRQHandler                       0x08000283   Thumb Code     0  startup_stm32f303xc.o(.text)
    PVD_IRQHandler                           0x08000283   Thumb Code     0  startup_stm32f303xc.o(.text)
    RCC_IRQHandler                           0x08000283   Thumb Code     0  startup_stm32f303xc.o(.text)
    RTC_Alarm_IRQHandler                     0x08000283   Thumb Code     0  startup_stm32f303xc.o(.text)
    RTC_WKUP_IRQHandler                      0x08000283   Thumb Code     0  startup_stm32f303xc.o(.text)
    SPI1_IRQHandler                          0x08000283   Thumb Code     0  startup_stm32f303xc.o(.text)
    SPI2_IRQHandler                          0x08000283   Thumb Code     0  startup_stm32f303xc.o(.text)
    SPI3_IRQHandler                          0x08000283   Thumb Code     0  startup_stm32f303xc.o(.text)
    TAMP_STAMP_IRQHandler                    0x08000283   Thumb Code     0  startup_stm32f303xc.o(.text)
    TIM1_BRK_TIM15_IRQHandler                0x08000283   Thumb Code     0  startup_stm32f303xc.o(.text)
    TIM1_TRG_COM_TIM17_IRQHandler            0x08000283   Thumb Code     0  startup_stm32f303xc.o(.text)
    TIM1_UP_TIM16_IRQHandler                 0x08000283   Thumb Code     0  startup_stm32f303xc.o(.text)
    TIM4_IRQHandler                          0x08000283   Thumb Code     0  startup_stm32f303xc.o(.text)
    TIM7_IRQHandler                          0x08000283   Thumb Code     0  startup_stm32f303xc.o(.text)
    TIM8_BRK_IRQHandler                      0x08000283   Thumb Code     0  startup_stm32f303xc.o(.text)
    TIM8_CC_IRQHandler                       0x08000283   Thumb Code     0  startup_stm32f303xc.o(.text)
    TIM8_TRG_COM_IRQHandler                  0x08000283   Thumb Code     0  startup_stm32f303xc.o(.text)
    TIM8_UP_IRQHandler                       0x08000283   Thumb Code     0  startup_stm32f303xc.o(.text)
    UART4_IRQHandler                         0x08000283   Thumb Code     0  startup_stm32f303xc.o(.text)
    UART5_IRQHandler                         0x08000283   Thumb Code     0  startup_stm32f303xc.o(.text)
    USART2_IRQHandler                        0x08000283   Thumb Code     0  startup_stm32f303xc.o(.text)
    USART3_IRQHandler                        0x08000283   Thumb Code     0  startup_stm32f303xc.o(.text)
    USBWakeUp_IRQHandler                     0x08000283   Thumb Code     0  startup_stm32f303xc.o(.text)
    USBWakeUp_RMP_IRQHandler                 0x08000283   Thumb Code     0  startup_stm32f303xc.o(.text)
    USB_HP_CAN_TX_IRQHandler                 0x08000283   Thumb Code     0  startup_stm32f303xc.o(.text)
    USB_HP_IRQHandler                        0x08000283   Thumb Code     0  startup_stm32f303xc.o(.text)
    USB_LP_IRQHandler                        0x08000283   Thumb Code     0  startup_stm32f303xc.o(.text)
    WWDG_IRQHandler                          0x08000283   Thumb Code     0  startup_stm32f303xc.o(.text)
    __user_initial_stackheap                 0x08000285   Thumb Code     0  startup_stm32f303xc.o(.text)
    __aeabi_memclr4                          0x080002a9   Thumb Code     0  rt_memclr_w.o(.text)
    __aeabi_memclr8                          0x080002a9   Thumb Code     0  rt_memclr_w.o(.text)
    __rt_memclr_w                            0x080002a9   Thumb Code     0  rt_memclr_w.o(.text)
    _memset_w                                0x080002ad   Thumb Code    74  rt_memclr_w.o(.text)
    __use_two_region_memory                  0x080002f7   Thumb Code     2  heapauxi.o(.text)
    __rt_heap_escrow$2region                 0x080002f9   Thumb Code     2  heapauxi.o(.text)
    __rt_heap_expand$2region                 0x080002fb   Thumb Code     2  heapauxi.o(.text)
    __user_setup_stackheap                   0x080002fd   Thumb Code    74  sys_stackheap_outer.o(.text)
    exit                                     0x08000347   Thumb Code    18  exit.o(.text)
    __user_libspace                          0x08000359   Thumb Code     8  libspace.o(.text)
    __user_perproc_libspace                  0x08000359   Thumb Code     0  libspace.o(.text)
    __user_perthread_libspace                0x08000359   Thumb Code     0  libspace.o(.text)
    _sys_exit                                0x08000361   Thumb Code     8  sys_exit.o(.text)
    __I$use$semihosting                      0x0800036d   Thumb Code     0  use_no_semi.o(.text)
    __use_no_semihosting_swi                 0x0800036d   Thumb Code     2  use_no_semi.o(.text)
    __semihosting_library_function           0x0800036f   Thumb Code     0  indicate_semi.o(.text)
    BusFault_Handler                         0x080003e1   Thumb Code     2  stm32f3xx_it.o(.text.BusFault_Handler)
    DMA1_Channel1_IRQHandler                 0x08000435   Thumb Code    12  stm32f3xx_it.o(.text.DMA1_Channel1_IRQHandler)
    DebugMon_Handler                         0x08000441   Thumb Code     2  stm32f3xx_it.o(.text.DebugMon_Handler)
    Error_Handler                            0x08000445   Thumb Code    10  main.o(.text.Error_Handler)
    HAL_ADCEx_MultiModeConfigChannel         0x08000451   Thumb Code   270  stm32f3xx_hal_adc_ex.o(.text.HAL_ADCEx_MultiModeConfigChannel)
    HAL_ADC_ConfigChannel                    0x08000561   Thumb Code  1080  stm32f3xx_hal_adc_ex.o(.text.HAL_ADC_ConfigChannel)
    HAL_ADC_ConvCpltCallback                 0x08000999   Thumb Code     2  stm32f3xx_hal_adc.o(.text.HAL_ADC_ConvCpltCallback)
    HAL_ADC_ConvHalfCpltCallback             0x0800099d   Thumb Code     2  stm32f3xx_hal_adc.o(.text.HAL_ADC_ConvHalfCpltCallback)
    HAL_ADC_ErrorCallback                    0x080009a1   Thumb Code     2  stm32f3xx_hal_adc.o(.text.HAL_ADC_ErrorCallback)
    HAL_ADC_Init                             0x080009a5   Thumb Code   794  stm32f3xx_hal_adc_ex.o(.text.HAL_ADC_Init)
    HAL_ADC_MspInit                          0x08000cc1   Thumb Code   156  stm32f3xx_hal_msp.o(.text.HAL_ADC_MspInit)
    HAL_ADC_Start_DMA                        0x08000d5d   Thumb Code   442  stm32f3xx_hal_adc_ex.o(.text.HAL_ADC_Start_DMA)
    HAL_DACEx_DMAUnderrunCallbackCh2         0x08000f19   Thumb Code     2  stm32f3xx_hal_dac_ex.o(.text.HAL_DACEx_DMAUnderrunCallbackCh2)
    HAL_DAC_ConfigChannel                    0x08000f1d   Thumb Code    74  stm32f3xx_hal_dac_ex.o(.text.HAL_DAC_ConfigChannel)
    HAL_DAC_DMAUnderrunCallbackCh1           0x08000f69   Thumb Code     2  stm32f3xx_hal_dac.o(.text.HAL_DAC_DMAUnderrunCallbackCh1)
    HAL_DAC_IRQHandler                       0x08000f6d   Thumb Code   108  stm32f3xx_hal_dac_ex.o(.text.HAL_DAC_IRQHandler)
    HAL_DAC_Init                             0x08000fd9   Thumb Code    40  stm32f3xx_hal_dac.o(.text.HAL_DAC_Init)
    HAL_DAC_MspInit                          0x08001001   Thumb Code   112  stm32f3xx_hal_msp.o(.text.HAL_DAC_MspInit)
    HAL_DAC_SetValue                         0x08001071   Thumb Code    38  stm32f3xx_hal_dac_ex.o(.text.HAL_DAC_SetValue)
    HAL_DMA_Abort                            0x08001099   Thumb Code    70  stm32f3xx_hal_dma.o(.text.HAL_DMA_Abort)
    HAL_DMA_Abort_IT                         0x080010e1   Thumb Code    80  stm32f3xx_hal_dma.o(.text.HAL_DMA_Abort_IT)
    HAL_DMA_IRQHandler                       0x08001131   Thumb Code   162  stm32f3xx_hal_dma.o(.text.HAL_DMA_IRQHandler)
    HAL_DMA_Init                             0x080011d5   Thumb Code   154  stm32f3xx_hal_dma.o(.text.HAL_DMA_Init)
    HAL_DMA_Start_IT                         0x08001271   Thumb Code   156  stm32f3xx_hal_dma.o(.text.HAL_DMA_Start_IT)
    HAL_Delay                                0x0800130d   Thumb Code    40  stm32f3xx_hal.o(.text.HAL_Delay)
    HAL_GPIO_Init                            0x08001335   Thumb Code   426  stm32f3xx_hal_gpio.o(.text.HAL_GPIO_Init)
    HAL_GPIO_WritePin                        0x080014e1   Thumb Code    12  stm32f3xx_hal_gpio.o(.text.HAL_GPIO_WritePin)
    HAL_GetTick                              0x080014ed   Thumb Code    12  stm32f3xx_hal.o(.text.HAL_GetTick)
    HAL_IncTick                              0x080014f9   Thumb Code    26  stm32f3xx_hal.o(.text.HAL_IncTick)
    HAL_Init                                 0x08001515   Thumb Code    38  stm32f3xx_hal.o(.text.HAL_Init)
    HAL_InitTick                             0x0800153d   Thumb Code    72  stm32f3xx_hal.o(.text.HAL_InitTick)
    HAL_MspInit                              0x08001585   Thumb Code    54  stm32f3xx_hal_msp.o(.text.HAL_MspInit)
    HAL_NVIC_EnableIRQ                       0x080015bd   Thumb Code    38  stm32f3xx_hal_cortex.o(.text.HAL_NVIC_EnableIRQ)
    HAL_NVIC_SetPriority                     0x080015e5   Thumb Code    86  stm32f3xx_hal_cortex.o(.text.HAL_NVIC_SetPriority)
    HAL_NVIC_SetPriorityGrouping             0x0800163d   Thumb Code    32  stm32f3xx_hal_cortex.o(.text.HAL_NVIC_SetPriorityGrouping)
    HAL_PCDEx_PMAConfig                      0x0800165d   Thumb Code    58  stm32f3xx_hal_pcd_ex.o(.text.HAL_PCDEx_PMAConfig)
    HAL_PCDEx_SetConnectionState             0x08001699   Thumb Code     2  usbd_conf.o(.text.HAL_PCDEx_SetConnectionState)
    HAL_PCD_DataInStageCallback              0x0800169d   Thumb Code    20  usbd_conf.o(.text.HAL_PCD_DataInStageCallback)
    HAL_PCD_DataOutStageCallback             0x080016b1   Thumb Code    22  usbd_conf.o(.text.HAL_PCD_DataOutStageCallback)
    HAL_PCD_EP_Close                         0x080016c9   Thumb Code    80  stm32f3xx_hal_pcd.o(.text.HAL_PCD_EP_Close)
    HAL_PCD_EP_ClrStall                      0x08001719   Thumb Code   100  stm32f3xx_hal_pcd.o(.text.HAL_PCD_EP_ClrStall)
    HAL_PCD_EP_GetRxCount                    0x0800177d   Thumb Code    18  stm32f3xx_hal_pcd.o(.text.HAL_PCD_EP_GetRxCount)
    HAL_PCD_EP_Open                          0x08001791   Thumb Code    96  stm32f3xx_hal_pcd.o(.text.HAL_PCD_EP_Open)
    HAL_PCD_EP_Receive                       0x080017f1   Thumb Code    50  stm32f3xx_hal_pcd.o(.text.HAL_PCD_EP_Receive)
    HAL_PCD_EP_SetStall                      0x08001825   Thumb Code   102  stm32f3xx_hal_pcd.o(.text.HAL_PCD_EP_SetStall)
    HAL_PCD_EP_Transmit                      0x0800188d   Thumb Code    54  stm32f3xx_hal_pcd.o(.text.HAL_PCD_EP_Transmit)
    HAL_PCD_IRQHandler                       0x080018c5   Thumb Code  2342  stm32f3xx_hal_pcd.o(.text.HAL_PCD_IRQHandler)
    HAL_PCD_Init                             0x080021ed   Thumb Code   178  stm32f3xx_hal_pcd.o(.text.HAL_PCD_Init)
    HAL_PCD_MspInit                          0x080022a1   Thumb Code   120  usbd_conf.o(.text.HAL_PCD_MspInit)
    HAL_PCD_ResetCallback                    0x08002319   Thumb Code    36  usbd_conf.o(.text.HAL_PCD_ResetCallback)
    HAL_PCD_ResumeCallback                   0x0800233d   Thumb Code     8  usbd_conf.o(.text.HAL_PCD_ResumeCallback)
    HAL_PCD_SOFCallback                      0x08002345   Thumb Code     8  usbd_conf.o(.text.HAL_PCD_SOFCallback)
    HAL_PCD_SetAddress                       0x0800234d   Thumb Code    40  stm32f3xx_hal_pcd.o(.text.HAL_PCD_SetAddress)
    HAL_PCD_SetupStageCallback               0x08002375   Thumb Code    14  usbd_conf.o(.text.HAL_PCD_SetupStageCallback)
    HAL_PCD_Start                            0x08002385   Thumb Code    50  stm32f3xx_hal_pcd.o(.text.HAL_PCD_Start)
    HAL_PCD_SuspendCallback                  0x080023b9   Thumb Code    38  usbd_conf.o(.text.HAL_PCD_SuspendCallback)
    HAL_RCCEx_PeriphCLKConfig                0x080023e1   Thumb Code   526  stm32f3xx_hal_rcc_ex.o(.text.HAL_RCCEx_PeriphCLKConfig)
    HAL_RCC_ClockConfig                      0x080025f1   Thumb Code   414  stm32f3xx_hal_rcc.o(.text.HAL_RCC_ClockConfig)
    HAL_RCC_GetPCLK1Freq                     0x08002791   Thumb Code    38  stm32f3xx_hal_rcc.o(.text.HAL_RCC_GetPCLK1Freq)
    HAL_RCC_GetPCLK2Freq                     0x080027b9   Thumb Code    38  stm32f3xx_hal_rcc.o(.text.HAL_RCC_GetPCLK2Freq)
    HAL_RCC_GetSysClockFreq                  0x080027e1   Thumb Code    86  stm32f3xx_hal_rcc.o(.text.HAL_RCC_GetSysClockFreq)
    HAL_RCC_OscConfig                        0x08002839   Thumb Code   876  stm32f3xx_hal_rcc.o(.text.HAL_RCC_OscConfig)
    HAL_SYSTICK_Config                       0x08002ba5   Thumb Code    44  stm32f3xx_hal_cortex.o(.text.HAL_SYSTICK_Config)
    HAL_TIMEx_Break2Callback                 0x08002bd1   Thumb Code     2  stm32f3xx_hal_tim_ex.o(.text.HAL_TIMEx_Break2Callback)
    HAL_TIMEx_BreakCallback                  0x08002bd5   Thumb Code     2  stm32f3xx_hal_tim_ex.o(.text.HAL_TIMEx_BreakCallback)
    HAL_TIMEx_CommutCallback                 0x08002bd9   Thumb Code     2  stm32f3xx_hal_tim_ex.o(.text.HAL_TIMEx_CommutCallback)
    HAL_TIMEx_ConfigBreakDeadTime            0x08002bdd   Thumb Code   164  stm32f3xx_hal_tim_ex.o(.text.HAL_TIMEx_ConfigBreakDeadTime)
    HAL_TIMEx_MasterConfigSynchronization    0x08002c81   Thumb Code   158  stm32f3xx_hal_tim_ex.o(.text.HAL_TIMEx_MasterConfigSynchronization)
    HAL_TIM_Base_Init                        0x08002d21   Thumb Code    98  stm32f3xx_hal_tim.o(.text.HAL_TIM_Base_Init)
    HAL_TIM_Base_MspInit                     0x08002d85   Thumb Code   116  stm32f3xx_hal_msp.o(.text.HAL_TIM_Base_MspInit)
    HAL_TIM_Base_Start_IT                    0x08002df9   Thumb Code   146  stm32f3xx_hal_tim.o(.text.HAL_TIM_Base_Start_IT)
    HAL_TIM_ConfigClockSource                0x08002e8d   Thumb Code   412  stm32f3xx_hal_tim.o(.text.HAL_TIM_ConfigClockSource)
    HAL_TIM_IC_CaptureCallback               0x08003029   Thumb Code     2  stm32f3xx_hal_tim.o(.text.HAL_TIM_IC_CaptureCallback)
    HAL_TIM_IRQHandler                       0x0800302d   Thumb Code   396  stm32f3xx_hal_tim.o(.text.HAL_TIM_IRQHandler)
    HAL_TIM_MspPostInit                      0x080031b9   Thumb Code   140  stm32f3xx_hal_msp.o(.text.HAL_TIM_MspPostInit)
    HAL_TIM_OC_DelayElapsedCallback          0x08003245   Thumb Code     2  stm32f3xx_hal_tim.o(.text.HAL_TIM_OC_DelayElapsedCallback)
    HAL_TIM_PWM_ConfigChannel                0x08003249   Thumb Code   926  stm32f3xx_hal_tim.o(.text.HAL_TIM_PWM_ConfigChannel)
    HAL_TIM_PWM_Init                         0x080035e9   Thumb Code    98  stm32f3xx_hal_tim.o(.text.HAL_TIM_PWM_Init)
    HAL_TIM_PWM_MspInit                      0x0800364d   Thumb Code   112  stm32f3xx_hal_msp.o(.text.HAL_TIM_PWM_MspInit)
    HAL_TIM_PWM_PulseFinishedCallback        0x080036bd   Thumb Code     2  stm32f3xx_hal_tim.o(.text.HAL_TIM_PWM_PulseFinishedCallback)
    HAL_TIM_PWM_Start                        0x080036c1   Thumb Code   390  stm32f3xx_hal_tim.o(.text.HAL_TIM_PWM_Start)
    HAL_TIM_PeriodElapsedCallback            0x08003849   Thumb Code   102  main.o(.text.HAL_TIM_PeriodElapsedCallback)
    HAL_TIM_TriggerCallback                  0x080038b1   Thumb Code     2  stm32f3xx_hal_tim.o(.text.HAL_TIM_TriggerCallback)
    HAL_UARTEx_RxEventCallback               0x080038b5   Thumb Code     2  stm32f3xx_hal_uart.o(.text.HAL_UARTEx_RxEventCallback)
    HAL_UARTEx_WakeupCallback                0x080038b9   Thumb Code     2  stm32f3xx_hal_uart_ex.o(.text.HAL_UARTEx_WakeupCallback)
    HAL_UART_ErrorCallback                   0x080038bd   Thumb Code     2  stm32f3xx_hal_uart.o(.text.HAL_UART_ErrorCallback)
    HAL_UART_IRQHandler                      0x080038c1   Thumb Code  1508  stm32f3xx_hal_uart.o(.text.HAL_UART_IRQHandler)
    HAL_UART_Init                            0x08003ea5   Thumb Code    98  stm32f3xx_hal_uart.o(.text.HAL_UART_Init)
    HAL_UART_MspInit                         0x08003f09   Thumb Code   122  stm32f3xx_hal_msp.o(.text.HAL_UART_MspInit)
    HAL_UART_Receive_IT                      0x08003f85   Thumb Code   490  stm32f3xx_hal_uart.o(.text.HAL_UART_Receive_IT)
    HAL_UART_RxCpltCallback                  0x08004171   Thumb Code     2  stm32f3xx_hal_uart.o(.text.HAL_UART_RxCpltCallback)
    HAL_UART_Transmit                        0x08004175   Thumb Code   192  stm32f3xx_hal_uart.o(.text.HAL_UART_Transmit)
    HAL_UART_TxCpltCallback                  0x08004235   Thumb Code     2  stm32f3xx_hal_uart.o(.text.HAL_UART_TxCpltCallback)
    HardFault_Handler                        0x08004239   Thumb Code     2  stm32f3xx_it.o(.text.HardFault_Handler)
    MX_USB_DEVICE_Init                       0x0800423d   Thumb Code   114  usb_device.o(.text.MX_USB_DEVICE_Init)
    MemManage_Handler                        0x080042b1   Thumb Code     2  stm32f3xx_it.o(.text.MemManage_Handler)
    NMI_Handler                              0x080042b5   Thumb Code     2  stm32f3xx_it.o(.text.NMI_Handler)
    PendSV_Handler                           0x080042b9   Thumb Code     2  stm32f3xx_it.o(.text.PendSV_Handler)
    SVC_Handler                              0x080042bd   Thumb Code     2  stm32f3xx_it.o(.text.SVC_Handler)
    SysTick_Handler                          0x080042c1   Thumb Code     4  stm32f3xx_it.o(.text.SysTick_Handler)
    SystemInit                               0x080042c5   Thumb Code    18  system_stm32f3xx.o(.text.SystemInit)
    TIM1_CC_IRQHandler                       0x080042d9   Thumb Code    12  stm32f3xx_it.o(.text.TIM1_CC_IRQHandler)
    TIM2_IRQHandler                          0x080042e5   Thumb Code    12  stm32f3xx_it.o(.text.TIM2_IRQHandler)
    TIM3_IRQHandler                          0x080042f1   Thumb Code    12  stm32f3xx_it.o(.text.TIM3_IRQHandler)
    TIM6_DAC_IRQHandler                      0x080042fd   Thumb Code    30  stm32f3xx_it.o(.text.TIM6_DAC_IRQHandler)
    TIM_Base_SetConfig                       0x0800431d   Thumb Code   266  stm32f3xx_hal_tim.o(.text.TIM_Base_SetConfig)
    UART_AdvFeatureConfig                    0x08004429   Thumb Code   232  stm32f3xx_hal_uart.o(.text.UART_AdvFeatureConfig)
    UART_CheckIdleState                      0x08004511   Thumb Code   360  stm32f3xx_hal_uart.o(.text.UART_CheckIdleState)
    UART_SetConfig                           0x080049cd   Thumb Code   452  stm32f3xx_hal_uart.o(.text.UART_SetConfig)
    UART_WaitOnFlagUntilTimeout              0x08004ba1   Thumb Code   714  stm32f3xx_hal_uart.o(.text.UART_WaitOnFlagUntilTimeout)
    USART1_IRQHandler                        0x08004e6d   Thumb Code    12  stm32f3xx_it.o(.text.USART1_IRQHandler)
    USBD_CDC_GetDeviceQualifierDescriptor    0x08004f69   Thumb Code    16  usbd_cdc.o(.text.USBD_CDC_GetDeviceQualifierDescriptor)
    USBD_CDC_ReceivePacket                   0x0800502d   Thumb Code    44  usbd_cdc.o(.text.USBD_CDC_ReceivePacket)
    USBD_CDC_RegisterInterface               0x08005059   Thumb Code    14  usbd_cdc.o(.text.USBD_CDC_RegisterInterface)
    USBD_CDC_SetRxBuffer                     0x08005069   Thumb Code    12  usbd_cdc.o(.text.USBD_CDC_SetRxBuffer)
    USBD_CDC_SetTxBuffer                     0x08005075   Thumb Code    16  usbd_cdc.o(.text.USBD_CDC_SetTxBuffer)
    USBD_ClrClassConfig                      0x08005155   Thumb Code    14  usbd_core.o(.text.USBD_ClrClassConfig)
    USBD_CtlContinueRx                       0x08005165   Thumb Code    16  usbd_ioreq.o(.text.USBD_CtlContinueRx)
    USBD_CtlContinueSendData                 0x08005175   Thumb Code    16  usbd_ioreq.o(.text.USBD_CtlContinueSendData)
    USBD_CtlError                            0x08005185   Thumb Code    22  usbd_ctlreq.o(.text.USBD_CtlError)
    USBD_CtlPrepareRx                        0x0800519d   Thumb Code    26  usbd_ioreq.o(.text.USBD_CtlPrepareRx)
    USBD_CtlReceiveStatus                    0x080051b9   Thumb Code    22  usbd_ioreq.o(.text.USBD_CtlReceiveStatus)
    USBD_CtlSendData                         0x080051d1   Thumb Code    26  usbd_ioreq.o(.text.USBD_CtlSendData)
    USBD_CtlSendStatus                       0x080051ed   Thumb Code    22  usbd_ioreq.o(.text.USBD_CtlSendStatus)
    USBD_FS_ConfigStrDescriptor              0x08005205   Thumb Code    24  usbd_desc.o(.text.USBD_FS_ConfigStrDescriptor)
    USBD_FS_DeviceDescriptor                 0x08005229   Thumb Code    14  usbd_desc.o(.text.USBD_FS_DeviceDescriptor)
    USBD_FS_InterfaceStrDescriptor           0x08005239   Thumb Code    24  usbd_desc.o(.text.USBD_FS_InterfaceStrDescriptor)
    USBD_FS_LangIDStrDescriptor              0x08005261   Thumb Code    14  usbd_desc.o(.text.USBD_FS_LangIDStrDescriptor)
    USBD_FS_ManufacturerStrDescriptor        0x08005271   Thumb Code    24  usbd_desc.o(.text.USBD_FS_ManufacturerStrDescriptor)
    USBD_FS_ProductStrDescriptor             0x0800529d   Thumb Code    24  usbd_desc.o(.text.USBD_FS_ProductStrDescriptor)
    USBD_FS_SerialStrDescriptor              0x080052cd   Thumb Code   364  usbd_desc.o(.text.USBD_FS_SerialStrDescriptor)
    USBD_GetString                           0x08005439   Thumb Code   218  usbd_ctlreq.o(.text.USBD_GetString)
    USBD_Init                                0x08005515   Thumb Code    48  usbd_core.o(.text.USBD_Init)
    USBD_LL_ClearStallEP                     0x08005545   Thumb Code    34  usbd_conf.o(.text.USBD_LL_ClearStallEP)
    USBD_LL_CloseEP                          0x08005569   Thumb Code    34  usbd_conf.o(.text.USBD_LL_CloseEP)
    USBD_LL_DataInStage                      0x0800558d   Thumb Code   202  usbd_core.o(.text.USBD_LL_DataInStage)
    USBD_LL_DataOutStage                     0x08005659   Thumb Code   138  usbd_core.o(.text.USBD_LL_DataOutStage)
    USBD_LL_GetRxDataSize                    0x080056e5   Thumb Code     8  usbd_conf.o(.text.USBD_LL_GetRxDataSize)
    USBD_LL_Init                             0x080056ed   Thumb Code   134  usbd_conf.o(.text.USBD_LL_Init)
    USBD_LL_IsStallEP                        0x08005775   Thumb Code    34  usbd_conf.o(.text.USBD_LL_IsStallEP)
    USBD_LL_OpenEP                           0x08005799   Thumb Code    40  usbd_conf.o(.text.USBD_LL_OpenEP)
    USBD_LL_PrepareReceive                   0x080057c1   Thumb Code    34  usbd_conf.o(.text.USBD_LL_PrepareReceive)
    USBD_LL_Reset                            0x080057e5   Thumb Code    84  usbd_core.o(.text.USBD_LL_Reset)
    USBD_LL_Resume                           0x08005839   Thumb Code    20  usbd_core.o(.text.USBD_LL_Resume)
    USBD_LL_SOF                              0x0800584d   Thumb Code    26  usbd_core.o(.text.USBD_LL_SOF)
    USBD_LL_SetSpeed                         0x08005869   Thumb Code     8  usbd_core.o(.text.USBD_LL_SetSpeed)
    USBD_LL_SetUSBAddress                    0x08005871   Thumb Code    34  usbd_conf.o(.text.USBD_LL_SetUSBAddress)
    USBD_LL_SetupStage                       0x08005895   Thumb Code    98  usbd_core.o(.text.USBD_LL_SetupStage)
    USBD_LL_StallEP                          0x080058f9   Thumb Code    34  usbd_conf.o(.text.USBD_LL_StallEP)
    USBD_LL_Start                            0x0800591d   Thumb Code    34  usbd_conf.o(.text.USBD_LL_Start)
    USBD_LL_Suspend                          0x08005941   Thumb Code    20  usbd_core.o(.text.USBD_LL_Suspend)
    USBD_LL_Transmit                         0x08005955   Thumb Code    34  usbd_conf.o(.text.USBD_LL_Transmit)
    USBD_ParseSetupRequest                   0x08005979   Thumb Code    22  usbd_ctlreq.o(.text.USBD_ParseSetupRequest)
    USBD_RegisterClass                       0x08005991   Thumb Code    14  usbd_core.o(.text.USBD_RegisterClass)
    USBD_SetClassConfig                      0x080059a1   Thumb Code    28  usbd_core.o(.text.USBD_SetClassConfig)
    USBD_Start                               0x080059bd   Thumb Code    10  usbd_core.o(.text.USBD_Start)
    USBD_StdDevReq                           0x080059c9   Thumb Code   714  usbd_ctlreq.o(.text.USBD_StdDevReq)
    USBD_StdEPReq                            0x08005c95   Thumb Code   326  usbd_ctlreq.o(.text.USBD_StdEPReq)
    USBD_StdItfReq                           0x08005ddd   Thumb Code   118  usbd_ctlreq.o(.text.USBD_StdItfReq)
    USBD_static_free                         0x08005e55   Thumb Code     2  usbd_conf.o(.text.USBD_static_free)
    USBD_static_malloc                       0x08005e59   Thumb Code    10  usbd_conf.o(.text.USBD_static_malloc)
    USB_ActivateEndpoint                     0x08005e65   Thumb Code   588  stm32f3xx_ll_usb.o(.text.USB_ActivateEndpoint)
    USB_DeactivateEndpoint                   0x080060b1   Thumb Code   226  stm32f3xx_ll_usb.o(.text.USB_DeactivateEndpoint)
    USB_DevConnect                           0x08006195   Thumb Code     4  stm32f3xx_ll_usb.o(.text.USB_DevConnect)
    USB_DevInit                              0x08006199   Thumb Code    26  stm32f3xx_ll_usb.o(.text.USB_DevInit)
    USB_DisableGlobalInt                     0x080061b5   Thumb Code    20  stm32f3xx_ll_usb.o(.text.USB_DisableGlobalInt)
    USB_EPClearStall                         0x080061c9   Thumb Code   124  stm32f3xx_ll_usb.o(.text.USB_EPClearStall)
    USB_EPSetStall                           0x08006245   Thumb Code    50  stm32f3xx_ll_usb.o(.text.USB_EPSetStall)
    USB_EPStartXfer                          0x08006279   Thumb Code  2118  stm32f3xx_ll_usb.o(.text.USB_EPStartXfer)
    USB_EnableGlobalInt                      0x08006ac1   Thumb Code    20  stm32f3xx_ll_usb.o(.text.USB_EnableGlobalInt)
    USB_LP_CAN_RX0_IRQHandler                0x08006ad5   Thumb Code    12  stm32f3xx_it.o(.text.USB_LP_CAN_RX0_IRQHandler)
    USB_ReadInterrupts                       0x08006ae1   Thumb Code     6  stm32f3xx_ll_usb.o(.text.USB_ReadInterrupts)
    USB_ReadPMA                              0x08006ae9   Thumb Code   160  stm32f3xx_ll_usb.o(.text.USB_ReadPMA)
    USB_SetDevAddress                        0x08006b89   Thumb Code    14  stm32f3xx_ll_usb.o(.text.USB_SetDevAddress)
    USB_WritePMA                             0x08006b99   Thumb Code   134  stm32f3xx_ll_usb.o(.text.USB_WritePMA)
    UsageFault_Handler                       0x08006c21   Thumb Code     2  stm32f3xx_it.o(.text.UsageFault_Handler)
    main                                     0x08006c29   Thumb Code  1448  main.o(.text.main)
    __aeabi_d2f                              0x080071d1   Thumb Code     0  d2f.o(x$fpl$d2f)
    _d2f                                     0x080071d1   Thumb Code    98  d2f.o(x$fpl$d2f)
    __aeabi_dadd                             0x08007235   Thumb Code     0  daddsub_clz.o(x$fpl$dadd)
    _dadd                                    0x08007235   Thumb Code   332  daddsub_clz.o(x$fpl$dadd)
    __aeabi_ddiv                             0x08007385   Thumb Code     0  ddiv.o(x$fpl$ddiv)
    _ddiv                                    0x08007385   Thumb Code   556  ddiv.o(x$fpl$ddiv)
    __aeabi_ui2d                             0x08007639   Thumb Code     0  dflt_clz.o(x$fpl$dfltu)
    _dfltu                                   0x08007639   Thumb Code    38  dflt_clz.o(x$fpl$dfltu)
    __aeabi_dmul                             0x08007661   Thumb Code     0  dmul.o(x$fpl$dmul)
    _dmul                                    0x08007661   Thumb Code   332  dmul.o(x$fpl$dmul)
    __fpl_dnaninf                            0x080077b5   Thumb Code   156  dnaninf.o(x$fpl$dnaninf)
    __fpl_dretinf                            0x08007851   Thumb Code    12  dretinf.o(x$fpl$dretinf)
    __aeabi_dsub                             0x0800785d   Thumb Code     0  daddsub_clz.o(x$fpl$dsub)
    _dsub                                    0x0800785d   Thumb Code   472  daddsub_clz.o(x$fpl$dsub)
    _fp_init                                 0x08007a39   Thumb Code    26  fpinit.o(x$fpl$fpinit)
    __fplib_config_fpu_vfp                   0x08007a51   Thumb Code     0  fpinit.o(x$fpl$fpinit)
    __fplib_config_pureend_doubles           0x08007a51   Thumb Code     0  fpinit.o(x$fpl$fpinit)
    __fpl_fretinf                            0x08007a53   Thumb Code    10  fretinf.o(x$fpl$fretinf)
    AHBPrescTable                            0x08007a5c   Data          16  system_stm32f3xx.o(.rodata.AHBPrescTable)
    __I$use$fp                               0x08007a5c   Number         0  usenofp.o(x$fpl$usenofp)
    APBPrescTable                            0x08007a6c   Data           8  system_stm32f3xx.o(.rodata.APBPrescTable)
    Region$$Table$$Base                      0x08007aa4   Number         0  anon$$obj.o(Region$$Table)
    Region$$Table$$Limit                     0x08007ac4   Number         0  anon$$obj.o(Region$$Table)
    uwTickFreq                               0x20000000   Data           1  stm32f3xx_hal.o(.data..L_MergedGlobals)
    uwTickPrio                               0x20000004   Data           4  stm32f3xx_hal.o(.data..L_MergedGlobals)
    FS_Desc                                  0x20000008   Data          28  usbd_desc.o(.data.FS_Desc)
    SystemCoreClock                          0x20000024   Data           4  system_stm32f3xx.o(.data.SystemCoreClock)
    USBD_CDC                                 0x20000028   Data          56  usbd_cdc.o(.data.USBD_CDC)
    USBD_CDC_CfgFSDesc                       0x20000060   Data          67  usbd_cdc.o(.data.USBD_CDC_CfgFSDesc)
    USBD_CDC_CfgHSDesc                       0x200000a4   Data          67  usbd_cdc.o(.data.USBD_CDC_CfgHSDesc)
    USBD_CDC_OtherSpeedCfgDesc               0x200000f4   Data          67  usbd_cdc.o(.data.USBD_CDC_OtherSpeedCfgDesc)
    USBD_FS_DeviceDesc                       0x20000138   Data          18  usbd_desc.o(.data.USBD_FS_DeviceDesc)
    USBD_Interface_fops_FS                   0x2000014c   Data          16  usbd_cdc_if.o(.data.USBD_Interface_fops_FS)
    USBD_LangIDDesc                          0x2000015c   Data           4  usbd_desc.o(.data.USBD_LangIDDesc)
    USBD_StringSerial                        0x20000160   Data          26  usbd_desc.o(.data.USBD_StringSerial)
    __libspace_start                         0x20000180   Data          96  libspace.o(.bss)
    __temporary_stack_top$libspace           0x200001e0   Data           0  libspace.o(.bss)
    datos                                    0x200001e0   Data           2  main.o(.bss..L_MergedGlobals)
    adc                                      0x200001e4   Data           4  main.o(.bss..L_MergedGlobals)
    rec                                      0x200001e8   Data           4  main.o(.bss..L_MergedGlobals)
    hdac                                     0x200001ec   Data          20  main.o(.bss..L_MergedGlobals)
    htim3                                    0x20000200   Data          76  main.o(.bss..L_MergedGlobals)
    USBD_StrDesc                             0x20000250   Data         512  usbd_desc.o(.bss.USBD_StrDesc)
    UserRxBufferFS                           0x20000670   Data        1024  usbd_cdc_if.o(.bss.UserRxBufferFS)
    UserTxBufferFS                           0x20000a70   Data        1024  usbd_cdc_if.o(.bss.UserTxBufferFS)
    hUsbDeviceFS                             0x20000e70   Data         708  usb_device.o(.bss.hUsbDeviceFS)
    hadc1                                    0x20001134   Data          80  main.o(.bss.hadc1)
    hdma_adc1                                0x20001184   Data          68  main.o(.bss.hdma_adc1)
    hpcd_USB_FS                              0x200011c8   Data         748  usbd_conf.o(.bss.hpcd_USB_FS)
    htim1                                    0x200014b4   Data          76  main.o(.bss.htim1)
    htim2                                    0x20001500   Data          76  main.o(.bss.htim2)
    htim6                                    0x2000154c   Data          76  main.o(.bss.htim6)
    huart1                                   0x20001598   Data         136  main.o(.bss.huart1)
    uwTick                                   0x20001620   Data           4  stm32f3xx_hal.o(.bss.uwTick)



==============================================================================

Memory Map of the image

  Image Entry point : 0x08000189

  Load Region LR_IROM1 (Base: 0x08000000, Size: 0x00007c48, Max: 0x00040000, ABSOLUTE, COMPRESSED[0x00007b88])

    Execution Region ER_IROM1 (Exec base: 0x08000000, Load base: 0x08000000, Size: 0x00007ac4, Max: 0x00040000, ABSOLUTE)

    Exec Addr    Load Addr    Size         Type   Attr      Idx    E Section Name        Object

    0x08000000   0x08000000   0x00000188   Data   RO            3    RESET               startup_stm32f303xc.o
    0x08000188   0x08000188   0x00000008   Code   RO         1770  * !!!main             c_w.l(__main.o)
    0x08000190   0x08000190   0x00000034   Code   RO         1964    !!!scatter          c_w.l(__scatter.o)
    0x080001c4   0x080001c4   0x0000005a   Code   RO         1962    !!dczerorl2         c_w.l(__dczerorl2.o)
    0x0800021e   0x0800021e   0x00000002   PAD
    0x08000220   0x08000220   0x0000001c   Code   RO         1966    !!handler_zi        c_w.l(__scatter_zi.o)
    0x0800023c   0x0800023c   0x00000002   Code   RO         1824    .ARM.Collect$$libinit$$00000000  c_w.l(libinit.o)
    0x0800023e   0x0800023e   0x00000004   Code   RO         1830    .ARM.Collect$$libinit$$00000001  c_w.l(libinit2.o)
    0x08000242   0x08000242   0x00000000   Code   RO         1833    .ARM.Collect$$libinit$$00000004  c_w.l(libinit2.o)
    0x08000242   0x08000242   0x00000000   Code   RO         1835    .ARM.Collect$$libinit$$00000006  c_w.l(libinit2.o)
    0x08000242   0x08000242   0x00000000   Code   RO         1838    .ARM.Collect$$libinit$$0000000C  c_w.l(libinit2.o)
    0x08000242   0x08000242   0x00000000   Code   RO         1840    .ARM.Collect$$libinit$$0000000E  c_w.l(libinit2.o)
    0x08000242   0x08000242   0x00000000   Code   RO         1842    .ARM.Collect$$libinit$$00000010  c_w.l(libinit2.o)
    0x08000242   0x08000242   0x00000000   Code   RO         1845    .ARM.Collect$$libinit$$00000013  c_w.l(libinit2.o)
    0x08000242   0x08000242   0x00000000   Code   RO         1847    .ARM.Collect$$libinit$$00000015  c_w.l(libinit2.o)
    0x08000242   0x08000242   0x00000000   Code   RO         1849    .ARM.Collect$$libinit$$00000017  c_w.l(libinit2.o)
    0x08000242   0x08000242   0x00000000   Code   RO         1851    .ARM.Collect$$libinit$$00000019  c_w.l(libinit2.o)
    0x08000242   0x08000242   0x00000000   Code   RO         1853    .ARM.Collect$$libinit$$0000001B  c_w.l(libinit2.o)
    0x08000242   0x08000242   0x00000000   Code   RO         1855    .ARM.Collect$$libinit$$0000001D  c_w.l(libinit2.o)
    0x08000242   0x08000242   0x00000000   Code   RO         1857    .ARM.Collect$$libinit$$0000001F  c_w.l(libinit2.o)
    0x08000242   0x08000242   0x00000000   Code   RO         1859    .ARM.Collect$$libinit$$00000021  c_w.l(libinit2.o)
    0x08000242   0x08000242   0x00000000   Code   RO         1861    .ARM.Collect$$libinit$$00000023  c_w.l(libinit2.o)
    0x08000242   0x08000242   0x00000000   Code   RO         1863    .ARM.Collect$$libinit$$00000025  c_w.l(libinit2.o)
    0x08000242   0x08000242   0x00000000   Code   RO         1865    .ARM.Collect$$libinit$$00000027  c_w.l(libinit2.o)
    0x08000242   0x08000242   0x00000000   Code   RO         1869    .ARM.Collect$$libinit$$0000002E  c_w.l(libinit2.o)
    0x08000242   0x08000242   0x00000000   Code   RO         1871    .ARM.Collect$$libinit$$00000030  c_w.l(libinit2.o)
    0x08000242   0x08000242   0x00000000   Code   RO         1873    .ARM.Collect$$libinit$$00000032  c_w.l(libinit2.o)
    0x08000242   0x08000242   0x00000000   Code   RO         1875    .ARM.Collect$$libinit$$00000034  c_w.l(libinit2.o)
    0x08000242   0x08000242   0x00000002   Code   RO         1876    .ARM.Collect$$libinit$$00000035  c_w.l(libinit2.o)
    0x08000244   0x08000244   0x00000002   Code   RO         1898    .ARM.Collect$$libshutdown$$00000000  c_w.l(libshutdown.o)
    0x08000246   0x08000246   0x00000000   Code   RO         1913    .ARM.Collect$$libshutdown$$00000002  c_w.l(libshutdown2.o)
    0x08000246   0x08000246   0x00000000   Code   RO         1915    .ARM.Collect$$libshutdown$$00000004  c_w.l(libshutdown2.o)
    0x08000246   0x08000246   0x00000000   Code   RO         1918    .ARM.Collect$$libshutdown$$00000007  c_w.l(libshutdown2.o)
    0x08000246   0x08000246   0x00000000   Code   RO         1921    .ARM.Collect$$libshutdown$$0000000A  c_w.l(libshutdown2.o)
    0x08000246   0x08000246   0x00000000   Code   RO         1923    .ARM.Collect$$libshutdown$$0000000C  c_w.l(libshutdown2.o)
    0x08000246   0x08000246   0x00000000   Code   RO         1926    .ARM.Collect$$libshutdown$$0000000F  c_w.l(libshutdown2.o)
    0x08000246   0x08000246   0x00000002   Code   RO         1927    .ARM.Collect$$libshutdown$$00000010  c_w.l(libshutdown2.o)
    0x08000248   0x08000248   0x00000000   Code   RO         1792    .ARM.Collect$$rtentry$$00000000  c_w.l(__rtentry.o)
    0x08000248   0x08000248   0x00000000   Code   RO         1801    .ARM.Collect$$rtentry$$00000002  c_w.l(__rtentry2.o)
    0x08000248   0x08000248   0x00000006   Code   RO         1813    .ARM.Collect$$rtentry$$00000004  c_w.l(__rtentry4.o)
    0x0800024e   0x0800024e   0x00000000   Code   RO         1803    .ARM.Collect$$rtentry$$00000009  c_w.l(__rtentry2.o)
    0x0800024e   0x0800024e   0x00000004   Code   RO         1804    .ARM.Collect$$rtentry$$0000000A  c_w.l(__rtentry2.o)
    0x08000252   0x08000252   0x00000000   Code   RO         1806    .ARM.Collect$$rtentry$$0000000C  c_w.l(__rtentry2.o)
    0x08000252   0x08000252   0x00000008   Code   RO         1807    .ARM.Collect$$rtentry$$0000000D  c_w.l(__rtentry2.o)
    0x0800025a   0x0800025a   0x00000002   Code   RO         1828    .ARM.Collect$$rtexit$$00000000  c_w.l(rtexit.o)
    0x0800025c   0x0800025c   0x00000000   Code   RO         1878    .ARM.Collect$$rtexit$$00000002  c_w.l(rtexit2.o)
    0x0800025c   0x0800025c   0x00000004   Code   RO         1879    .ARM.Collect$$rtexit$$00000003  c_w.l(rtexit2.o)
    0x08000260   0x08000260   0x00000006   Code   RO         1880    .ARM.Collect$$rtexit$$00000004  c_w.l(rtexit2.o)
    0x08000266   0x08000266   0x00000002   PAD
    0x08000268   0x08000268   0x00000040   Code   RO            4    .text               startup_stm32f303xc.o
    0x080002a8   0x080002a8   0x0000004e   Code   RO         1766    .text               c_w.l(rt_memclr_w.o)
    0x080002f6   0x080002f6   0x00000006   Code   RO         1768    .text               c_w.l(heapauxi.o)
    0x080002fc   0x080002fc   0x0000004a   Code   RO         1815    .text               c_w.l(sys_stackheap_outer.o)
    0x08000346   0x08000346   0x00000012   Code   RO         1817    .text               c_w.l(exit.o)
    0x08000358   0x08000358   0x00000008   Code   RO         1825    .text               c_w.l(libspace.o)
    0x08000360   0x08000360   0x0000000c   Code   RO         1888    .text               c_w.l(sys_exit.o)
    0x0800036c   0x0800036c   0x00000002   Code   RO         1903    .text               c_w.l(use_no_semi.o)
    0x0800036e   0x0800036e   0x00000000   Code   RO         1905    .text               c_w.l(indicate_semi.o)
    0x0800036e   0x0800036e   0x00000002   PAD
    0x08000370   0x08000370   0x00000050   Code   RO          970    .text.ADC_DMAConvCplt  stm32f3xx_hal_adc_ex.o
    0x080003c0   0x080003c0   0x00000016   Code   RO          974    .text.ADC_DMAError  stm32f3xx_hal_adc_ex.o
    0x080003d6   0x080003d6   0x00000002   PAD
    0x080003d8   0x080003d8   0x00000006   Code   RO          972    .text.ADC_DMAHalfConvCplt  stm32f3xx_hal_adc_ex.o
    0x080003de   0x080003de   0x00000002   PAD
    0x080003e0   0x080003e0   0x00000002   Code   RO           43    .text.BusFault_Handler  stm32f3xx_it.o
    0x080003e2   0x080003e2   0x00000002   PAD
    0x080003e4   0x080003e4   0x00000004   Code   RO          148    .text.CDC_Control_FS  usbd_cdc_if.o
    0x080003e8   0x080003e8   0x00000004   Code   RO          146    .text.CDC_DeInit_FS  usbd_cdc_if.o
    0x080003ec   0x080003ec   0x0000002c   Code   RO          144    .text.CDC_Init_FS   usbd_cdc_if.o
    0x08000418   0x08000418   0x0000001c   Code   RO          150    .text.CDC_Receive_FS  usbd_cdc_if.o
    0x08000434   0x08000434   0x0000000c   Code   RO           55    .text.DMA1_Channel1_IRQHandler  stm32f3xx_it.o
    0x08000440   0x08000440   0x00000002   Code   RO           49    .text.DebugMon_Handler  stm32f3xx_it.o
    0x08000442   0x08000442   0x00000002   PAD
    0x08000444   0x08000444   0x0000000a   Code   RO           19    .text.Error_Handler  main.o
    0x0800044e   0x0800044e   0x00000002   PAD
    0x08000450   0x08000450   0x0000010e   Code   RO         1028    .text.HAL_ADCEx_MultiModeConfigChannel  stm32f3xx_hal_adc_ex.o
    0x0800055e   0x0800055e   0x00000002   PAD
    0x08000560   0x08000560   0x00000438   Code   RO         1022    .text.HAL_ADC_ConfigChannel  stm32f3xx_hal_adc_ex.o
    0x08000998   0x08000998   0x00000002   Code   RO          924    .text.HAL_ADC_ConvCpltCallback  stm32f3xx_hal_adc.o
    0x0800099a   0x0800099a   0x00000002   PAD
    0x0800099c   0x0800099c   0x00000002   Code   RO          926    .text.HAL_ADC_ConvHalfCpltCallback  stm32f3xx_hal_adc.o
    0x0800099e   0x0800099e   0x00000002   PAD
    0x080009a0   0x080009a0   0x00000002   Code   RO          930    .text.HAL_ADC_ErrorCallback  stm32f3xx_hal_adc.o
    0x080009a2   0x080009a2   0x00000002   PAD
    0x080009a4   0x080009a4   0x0000031a   Code   RO          948    .text.HAL_ADC_Init  stm32f3xx_hal_adc_ex.o
    0x08000cbe   0x08000cbe   0x00000002   PAD
    0x08000cc0   0x08000cc0   0x0000009c   Code   RO           78    .text.HAL_ADC_MspInit  stm32f3xx_hal_msp.o
    0x08000d5c   0x08000d5c   0x000001ba   Code   RO          968    .text.HAL_ADC_Start_DMA  stm32f3xx_hal_adc_ex.o
    0x08000f16   0x08000f16   0x00000002   PAD
    0x08000f18   0x08000f18   0x00000002   Code   RO         1108    .text.HAL_DACEx_DMAUnderrunCallbackCh2  stm32f3xx_hal_dac_ex.o
    0x08000f1a   0x08000f1a   0x00000002   PAD
    0x08000f1c   0x08000f1c   0x0000004a   Code   RO         1110    .text.HAL_DAC_ConfigChannel  stm32f3xx_hal_dac_ex.o
    0x08000f66   0x08000f66   0x00000002   PAD
    0x08000f68   0x08000f68   0x00000002   Code   RO         1072    .text.HAL_DAC_DMAUnderrunCallbackCh1  stm32f3xx_hal_dac.o
    0x08000f6a   0x08000f6a   0x00000002   PAD
    0x08000f6c   0x08000f6c   0x0000006c   Code   RO         1106    .text.HAL_DAC_IRQHandler  stm32f3xx_hal_dac_ex.o
    0x08000fd8   0x08000fd8   0x00000028   Code   RO         1038    .text.HAL_DAC_Init  stm32f3xx_hal_dac.o
    0x08001000   0x08001000   0x00000070   Code   RO           82    .text.HAL_DAC_MspInit  stm32f3xx_hal_msp.o
    0x08001070   0x08001070   0x00000026   Code   RO         1082    .text.HAL_DAC_SetValue  stm32f3xx_hal_dac_ex.o
    0x08001096   0x08001096   0x00000002   PAD
    0x08001098   0x08001098   0x00000046   Code   RO          521    .text.HAL_DMA_Abort  stm32f3xx_hal_dma.o
    0x080010de   0x080010de   0x00000002   PAD
    0x080010e0   0x080010e0   0x00000050   Code   RO          523    .text.HAL_DMA_Abort_IT  stm32f3xx_hal_dma.o
    0x08001130   0x08001130   0x000000a2   Code   RO          527    .text.HAL_DMA_IRQHandler  stm32f3xx_hal_dma.o
    0x080011d2   0x080011d2   0x00000002   PAD
    0x080011d4   0x080011d4   0x0000009a   Code   RO          513    .text.HAL_DMA_Init  stm32f3xx_hal_dma.o
    0x0800126e   0x0800126e   0x00000002   PAD
    0x08001270   0x08001270   0x0000009c   Code   RO          519    .text.HAL_DMA_Start_IT  stm32f3xx_hal_dma.o
    0x0800130c   0x0800130c   0x00000028   Code   RO          397    .text.HAL_Delay     stm32f3xx_hal.o
    0x08001334   0x08001334   0x000001aa   Code   RO          489    .text.HAL_GPIO_Init  stm32f3xx_hal_gpio.o
    0x080014de   0x080014de   0x00000002   PAD
    0x080014e0   0x080014e0   0x0000000c   Code   RO          495    .text.HAL_GPIO_WritePin  stm32f3xx_hal_gpio.o
    0x080014ec   0x080014ec   0x0000000c   Code   RO          389    .text.HAL_GetTick   stm32f3xx_hal.o
    0x080014f8   0x080014f8   0x0000001a   Code   RO          387    .text.HAL_IncTick   stm32f3xx_hal.o
    0x08001512   0x08001512   0x00000002   PAD
    0x08001514   0x08001514   0x00000026   Code   RO          377    .text.HAL_Init      stm32f3xx_hal.o
    0x0800153a   0x0800153a   0x00000002   PAD
    0x0800153c   0x0800153c   0x00000048   Code   RO          379    .text.HAL_InitTick  stm32f3xx_hal.o
    0x08001584   0x08001584   0x00000036   Code   RO           76    .text.HAL_MspInit   stm32f3xx_hal_msp.o
    0x080015ba   0x080015ba   0x00000002   PAD
    0x080015bc   0x080015bc   0x00000026   Code   RO          549    .text.HAL_NVIC_EnableIRQ  stm32f3xx_hal_cortex.o
    0x080015e2   0x080015e2   0x00000002   PAD
    0x080015e4   0x080015e4   0x00000056   Code   RO          547    .text.HAL_NVIC_SetPriority  stm32f3xx_hal_cortex.o
    0x0800163a   0x0800163a   0x00000002   PAD
    0x0800163c   0x0800163c   0x00000020   Code   RO          545    .text.HAL_NVIC_SetPriorityGrouping  stm32f3xx_hal_cortex.o
    0x0800165c   0x0800165c   0x0000003a   Code   RO          361    .text.HAL_PCDEx_PMAConfig  stm32f3xx_hal_pcd_ex.o
    0x08001696   0x08001696   0x00000002   PAD
    0x08001698   0x08001698   0x00000002   Code   RO          225    .text.HAL_PCDEx_SetConnectionState  usbd_conf.o
    0x0800169a   0x0800169a   0x00000002   PAD
    0x0800169c   0x0800169c   0x00000014   Code   RO          173    .text.HAL_PCD_DataInStageCallback  usbd_conf.o
    0x080016b0   0x080016b0   0x00000016   Code   RO          171    .text.HAL_PCD_DataOutStageCallback  usbd_conf.o
    0x080016c6   0x080016c6   0x00000002   PAD
    0x080016c8   0x080016c8   0x00000050   Code   RO          331    .text.HAL_PCD_EP_Close  stm32f3xx_hal_pcd.o
    0x08001718   0x08001718   0x00000064   Code   RO          341    .text.HAL_PCD_EP_ClrStall  stm32f3xx_hal_pcd.o
    0x0800177c   0x0800177c   0x00000012   Code   RO          335    .text.HAL_PCD_EP_GetRxCount  stm32f3xx_hal_pcd.o
    0x0800178e   0x0800178e   0x00000002   PAD
    0x08001790   0x08001790   0x00000060   Code   RO          329    .text.HAL_PCD_EP_Open  stm32f3xx_hal_pcd.o
    0x080017f0   0x080017f0   0x00000032   Code   RO          333    .text.HAL_PCD_EP_Receive  stm32f3xx_hal_pcd.o
    0x08001822   0x08001822   0x00000002   PAD
    0x08001824   0x08001824   0x00000066   Code   RO          339    .text.HAL_PCD_EP_SetStall  stm32f3xx_hal_pcd.o
    0x0800188a   0x0800188a   0x00000002   PAD
    0x0800188c   0x0800188c   0x00000036   Code   RO          337    .text.HAL_PCD_EP_Transmit  stm32f3xx_hal_pcd.o
    0x080018c2   0x080018c2   0x00000002   PAD
    0x080018c4   0x080018c4   0x00000926   Code   RO          297    .text.HAL_PCD_IRQHandler  stm32f3xx_hal_pcd.o
    0x080021ea   0x080021ea   0x00000002   PAD
    0x080021ec   0x080021ec   0x000000b2   Code   RO          285    .text.HAL_PCD_Init  stm32f3xx_hal_pcd.o
    0x0800229e   0x0800229e   0x00000002   PAD
    0x080022a0   0x080022a0   0x00000078   Code   RO          165    .text.HAL_PCD_MspInit  usbd_conf.o
    0x08002318   0x08002318   0x00000024   Code   RO          177    .text.HAL_PCD_ResetCallback  usbd_conf.o
    0x0800233c   0x0800233c   0x00000008   Code   RO          181    .text.HAL_PCD_ResumeCallback  usbd_conf.o
    0x08002344   0x08002344   0x00000008   Code   RO          175    .text.HAL_PCD_SOFCallback  usbd_conf.o
    0x0800234c   0x0800234c   0x00000028   Code   RO          301    .text.HAL_PCD_SetAddress  stm32f3xx_hal_pcd.o
    0x08002374   0x08002374   0x0000000e   Code   RO          169    .text.HAL_PCD_SetupStageCallback  usbd_conf.o
    0x08002382   0x08002382   0x00000002   PAD
    0x08002384   0x08002384   0x00000032   Code   RO          293    .text.HAL_PCD_Start  stm32f3xx_hal_pcd.o
    0x080023b6   0x080023b6   0x00000002   PAD
    0x080023b8   0x080023b8   0x00000026   Code   RO          179    .text.HAL_PCD_SuspendCallback  usbd_conf.o
    0x080023de   0x080023de   0x00000002   PAD
    0x080023e0   0x080023e0   0x0000020e   Code   RO          474    .text.HAL_RCCEx_PeriphCLKConfig  stm32f3xx_hal_rcc_ex.o
    0x080025ee   0x080025ee   0x00000002   PAD
    0x080025f0   0x080025f0   0x0000019e   Code   RO          441    .text.HAL_RCC_ClockConfig  stm32f3xx_hal_rcc.o
    0x0800278e   0x0800278e   0x00000002   PAD
    0x08002790   0x08002790   0x00000026   Code   RO          453    .text.HAL_RCC_GetPCLK1Freq  stm32f3xx_hal_rcc.o
    0x080027b6   0x080027b6   0x00000002   PAD
    0x080027b8   0x080027b8   0x00000026   Code   RO          455    .text.HAL_RCC_GetPCLK2Freq  stm32f3xx_hal_rcc.o
    0x080027de   0x080027de   0x00000002   PAD
    0x080027e0   0x080027e0   0x00000056   Code   RO          443    .text.HAL_RCC_GetSysClockFreq  stm32f3xx_hal_rcc.o
    0x08002836   0x08002836   0x00000002   PAD
    0x08002838   0x08002838   0x0000036c   Code   RO          439    .text.HAL_RCC_OscConfig  stm32f3xx_hal_rcc.o
    0x08002ba4   0x08002ba4   0x0000002c   Code   RO          557    .text.HAL_SYSTICK_Config  stm32f3xx_hal_cortex.o
    0x08002bd0   0x08002bd0   0x00000002   Code   RO         1439    .text.HAL_TIMEx_Break2Callback  stm32f3xx_hal_tim_ex.o
    0x08002bd2   0x08002bd2   0x00000002   PAD
    0x08002bd4   0x08002bd4   0x00000002   Code   RO         1437    .text.HAL_TIMEx_BreakCallback  stm32f3xx_hal_tim_ex.o
    0x08002bd6   0x08002bd6   0x00000002   PAD
    0x08002bd8   0x08002bd8   0x00000002   Code   RO         1433    .text.HAL_TIMEx_CommutCallback  stm32f3xx_hal_tim_ex.o
    0x08002bda   0x08002bda   0x00000002   PAD
    0x08002bdc   0x08002bdc   0x000000a4   Code   RO         1427    .text.HAL_TIMEx_ConfigBreakDeadTime  stm32f3xx_hal_tim_ex.o
    0x08002c80   0x08002c80   0x0000009e   Code   RO         1425    .text.HAL_TIMEx_MasterConfigSynchronization  stm32f3xx_hal_tim_ex.o
    0x08002d1e   0x08002d1e   0x00000002   PAD
    0x08002d20   0x08002d20   0x00000062   Code   RO         1130    .text.HAL_TIM_Base_Init  stm32f3xx_hal_tim.o
    0x08002d82   0x08002d82   0x00000002   PAD
    0x08002d84   0x08002d84   0x00000074   Code   RO           88    .text.HAL_TIM_Base_MspInit  stm32f3xx_hal_msp.o
    0x08002df8   0x08002df8   0x00000092   Code   RO         1144    .text.HAL_TIM_Base_Start_IT  stm32f3xx_hal_tim.o
    0x08002e8a   0x08002e8a   0x00000002   PAD
    0x08002e8c   0x08002e8c   0x0000019c   Code   RO         1310    .text.HAL_TIM_ConfigClockSource  stm32f3xx_hal_tim.o
    0x08003028   0x08003028   0x00000002   Code   RO         1266    .text.HAL_TIM_IC_CaptureCallback  stm32f3xx_hal_tim.o
    0x0800302a   0x0800302a   0x00000002   PAD
    0x0800302c   0x0800302c   0x0000018c   Code   RO         1264    .text.HAL_TIM_IRQHandler  stm32f3xx_hal_tim.o
    0x080031b8   0x080031b8   0x0000008c   Code   RO           90    .text.HAL_TIM_MspPostInit  stm32f3xx_hal_msp.o
    0x08003244   0x08003244   0x00000002   Code   RO         1268    .text.HAL_TIM_OC_DelayElapsedCallback  stm32f3xx_hal_tim.o
    0x08003246   0x08003246   0x00000002   PAD
    0x08003248   0x08003248   0x0000039e   Code   RO         1284    .text.HAL_TIM_PWM_ConfigChannel  stm32f3xx_hal_tim.o
    0x080035e6   0x080035e6   0x00000002   PAD
    0x080035e8   0x080035e8   0x00000062   Code   RO         1184    .text.HAL_TIM_PWM_Init  stm32f3xx_hal_tim.o
    0x0800364a   0x0800364a   0x00000002   PAD
    0x0800364c   0x0800364c   0x00000070   Code   RO           86    .text.HAL_TIM_PWM_MspInit  stm32f3xx_hal_msp.o
    0x080036bc   0x080036bc   0x00000002   Code   RO         1270    .text.HAL_TIM_PWM_PulseFinishedCallback  stm32f3xx_hal_tim.o
    0x080036be   0x080036be   0x00000002   PAD
    0x080036c0   0x080036c0   0x00000186   Code   RO         1192    .text.HAL_TIM_PWM_Start  stm32f3xx_hal_tim.o
    0x08003846   0x08003846   0x00000002   PAD
    0x08003848   0x08003848   0x00000066   Code   RO           13    .text.HAL_TIM_PeriodElapsedCallback  main.o
    0x080038ae   0x080038ae   0x00000002   PAD
    0x080038b0   0x080038b0   0x00000002   Code   RO         1274    .text.HAL_TIM_TriggerCallback  stm32f3xx_hal_tim.o
    0x080038b2   0x080038b2   0x00000002   PAD
    0x080038b4   0x080038b4   0x00000002   Code   RO         1539    .text.HAL_UARTEx_RxEventCallback  stm32f3xx_hal_uart.o
    0x080038b6   0x080038b6   0x00000002   PAD
    0x080038b8   0x080038b8   0x00000002   Code   RO         1590    .text.HAL_UARTEx_WakeupCallback  stm32f3xx_hal_uart_ex.o
    0x080038ba   0x080038ba   0x00000002   PAD
    0x080038bc   0x080038bc   0x00000002   Code   RO         1537    .text.HAL_UART_ErrorCallback  stm32f3xx_hal_uart.o
    0x080038be   0x080038be   0x00000002   PAD
    0x080038c0   0x080038c0   0x000005e4   Code   RO         1533    .text.HAL_UART_IRQHandler  stm32f3xx_hal_uart.o
    0x08003ea4   0x08003ea4   0x00000062   Code   RO         1453    .text.HAL_UART_Init  stm32f3xx_hal_uart.o
    0x08003f06   0x08003f06   0x00000002   PAD
    0x08003f08   0x08003f08   0x0000007a   Code   RO           96    .text.HAL_UART_MspInit  stm32f3xx_hal_msp.o
    0x08003f82   0x08003f82   0x00000002   PAD
    0x08003f84   0x08003f84   0x000001ea   Code   RO         1485    .text.HAL_UART_Receive_IT  stm32f3xx_hal_uart.o
    0x0800416e   0x0800416e   0x00000002   PAD
    0x08004170   0x08004170   0x00000002   Code   RO         1545    .text.HAL_UART_RxCpltCallback  stm32f3xx_hal_uart.o
    0x08004172   0x08004172   0x00000002   PAD
    0x08004174   0x08004174   0x000000c0   Code   RO         1473    .text.HAL_UART_Transmit  stm32f3xx_hal_uart.o
    0x08004234   0x08004234   0x00000002   Code   RO         1541    .text.HAL_UART_TxCpltCallback  stm32f3xx_hal_uart.o
    0x08004236   0x08004236   0x00000002   PAD
    0x08004238   0x08004238   0x00000002   Code   RO           39    .text.HardFault_Handler  stm32f3xx_it.o
    0x0800423a   0x0800423a   0x00000002   PAD
    0x0800423c   0x0800423c   0x00000072   Code   RO          108    .text.MX_USB_DEVICE_Init  usb_device.o
    0x080042ae   0x080042ae   0x00000002   PAD
    0x080042b0   0x080042b0   0x00000002   Code   RO           41    .text.MemManage_Handler  stm32f3xx_it.o
    0x080042b2   0x080042b2   0x00000002   PAD
    0x080042b4   0x080042b4   0x00000002   Code   RO           37    .text.NMI_Handler   stm32f3xx_it.o
    0x080042b6   0x080042b6   0x00000002   PAD
    0x080042b8   0x080042b8   0x00000002   Code   RO           51    .text.PendSV_Handler  stm32f3xx_it.o
    0x080042ba   0x080042ba   0x00000002   PAD
    0x080042bc   0x080042bc   0x00000002   Code   RO           47    .text.SVC_Handler   stm32f3xx_it.o
    0x080042be   0x080042be   0x00000002   PAD
    0x080042c0   0x080042c0   0x00000004   Code   RO           53    .text.SysTick_Handler  stm32f3xx_it.o
    0x080042c4   0x080042c4   0x00000012   Code   RO         1616    .text.SystemInit    system_stm32f3xx.o
    0x080042d6   0x080042d6   0x00000002   PAD
    0x080042d8   0x080042d8   0x0000000c   Code   RO           59    .text.TIM1_CC_IRQHandler  stm32f3xx_it.o
    0x080042e4   0x080042e4   0x0000000c   Code   RO           61    .text.TIM2_IRQHandler  stm32f3xx_it.o
    0x080042f0   0x080042f0   0x0000000c   Code   RO           63    .text.TIM3_IRQHandler  stm32f3xx_it.o
    0x080042fc   0x080042fc   0x0000001e   Code   RO           67    .text.TIM6_DAC_IRQHandler  stm32f3xx_it.o
    0x0800431a   0x0800431a   0x00000002   PAD
    0x0800431c   0x0800431c   0x0000010a   Code   RO         1134    .text.TIM_Base_SetConfig  stm32f3xx_hal_tim.o
    0x08004426   0x08004426   0x00000002   PAD
    0x08004428   0x08004428   0x000000e8   Code   RO         1459    .text.UART_AdvFeatureConfig  stm32f3xx_hal_uart.o
    0x08004510   0x08004510   0x00000168   Code   RO         1461    .text.UART_CheckIdleState  stm32f3xx_hal_uart.o
    0x08004678   0x08004678   0x00000010   Code   RO         1535    .text.UART_DMAAbortOnError  stm32f3xx_hal_uart.o
    0x08004688   0x08004688   0x0000019e   Code   RO         1571    .text.UART_RxISR_16BIT  stm32f3xx_hal_uart.o
    0x08004826   0x08004826   0x00000002   PAD
    0x08004828   0x08004828   0x000001a2   Code   RO         1573    .text.UART_RxISR_8BIT  stm32f3xx_hal_uart.o
    0x080049ca   0x080049ca   0x00000002   PAD
    0x080049cc   0x080049cc   0x000001d4   Code   RO         1457    .text.UART_SetConfig  stm32f3xx_hal_uart.o
    0x08004ba0   0x08004ba0   0x000002ca   Code   RO         1475    .text.UART_WaitOnFlagUntilTimeout  stm32f3xx_hal_uart.o
    0x08004e6a   0x08004e6a   0x00000002   PAD
    0x08004e6c   0x08004e6c   0x0000000c   Code   RO           65    .text.USART1_IRQHandler  stm32f3xx_it.o
    0x08004e78   0x08004e78   0x00000052   Code   RO         1730    .text.USBD_CDC_DataIn  usbd_cdc.o
    0x08004eca   0x08004eca   0x00000002   PAD
    0x08004ecc   0x08004ecc   0x00000030   Code   RO         1732    .text.USBD_CDC_DataOut  usbd_cdc.o
    0x08004efc   0x08004efc   0x00000042   Code   RO         1724    .text.USBD_CDC_DeInit  usbd_cdc.o
    0x08004f3e   0x08004f3e   0x00000002   PAD
    0x08004f40   0x08004f40   0x00000028   Code   RO         1728    .text.USBD_CDC_EP0_RxReady  usbd_cdc.o
    0x08004f68   0x08004f68   0x00000010   Code   RO         1740    .text.USBD_CDC_GetDeviceQualifierDescriptor  usbd_cdc.o
    0x08004f78   0x08004f78   0x00000010   Code   RO         1736    .text.USBD_CDC_GetFSCfgDesc  usbd_cdc.o
    0x08004f88   0x08004f88   0x00000010   Code   RO         1734    .text.USBD_CDC_GetHSCfgDesc  usbd_cdc.o
    0x08004f98   0x08004f98   0x00000010   Code   RO         1738    .text.USBD_CDC_GetOtherSpeedCfgDesc  usbd_cdc.o
    0x08004fa8   0x08004fa8   0x00000082   Code   RO         1722    .text.USBD_CDC_Init  usbd_cdc.o
    0x0800502a   0x0800502a   0x00000002   PAD
    0x0800502c   0x0800502c   0x0000002c   Code   RO         1750    .text.USBD_CDC_ReceivePacket  usbd_cdc.o
    0x08005058   0x08005058   0x0000000e   Code   RO         1742    .text.USBD_CDC_RegisterInterface  usbd_cdc.o
    0x08005066   0x08005066   0x00000002   PAD
    0x08005068   0x08005068   0x0000000c   Code   RO         1746    .text.USBD_CDC_SetRxBuffer  usbd_cdc.o
    0x08005074   0x08005074   0x00000010   Code   RO         1744    .text.USBD_CDC_SetTxBuffer  usbd_cdc.o
    0x08005084   0x08005084   0x000000ce   Code   RO         1726    .text.USBD_CDC_Setup  usbd_cdc.o
    0x08005152   0x08005152   0x00000002   PAD
    0x08005154   0x08005154   0x0000000e   Code   RO         1645    .text.USBD_ClrClassConfig  usbd_core.o
    0x08005162   0x08005162   0x00000002   PAD
    0x08005164   0x08005164   0x00000010   Code   RO         1706    .text.USBD_CtlContinueRx  usbd_ioreq.o
    0x08005174   0x08005174   0x00000010   Code   RO         1702    .text.USBD_CtlContinueSendData  usbd_ioreq.o
    0x08005184   0x08005184   0x00000016   Code   RO         1681    .text.USBD_CtlError  usbd_ctlreq.o
    0x0800519a   0x0800519a   0x00000002   PAD
    0x0800519c   0x0800519c   0x0000001a   Code   RO         1704    .text.USBD_CtlPrepareRx  usbd_ioreq.o
    0x080051b6   0x080051b6   0x00000002   PAD
    0x080051b8   0x080051b8   0x00000016   Code   RO         1710    .text.USBD_CtlReceiveStatus  usbd_ioreq.o
    0x080051ce   0x080051ce   0x00000002   PAD
    0x080051d0   0x080051d0   0x0000001a   Code   RO         1700    .text.USBD_CtlSendData  usbd_ioreq.o
    0x080051ea   0x080051ea   0x00000002   PAD
    0x080051ec   0x080051ec   0x00000016   Code   RO         1708    .text.USBD_CtlSendStatus  usbd_ioreq.o
    0x08005202   0x08005202   0x00000002   PAD
    0x08005204   0x08005204   0x00000024   Code   RO          127    .text.USBD_FS_ConfigStrDescriptor  usbd_desc.o
    0x08005228   0x08005228   0x0000000e   Code   RO          117    .text.USBD_FS_DeviceDescriptor  usbd_desc.o
    0x08005236   0x08005236   0x00000002   PAD
    0x08005238   0x08005238   0x00000028   Code   RO          129    .text.USBD_FS_InterfaceStrDescriptor  usbd_desc.o
    0x08005260   0x08005260   0x0000000e   Code   RO          119    .text.USBD_FS_LangIDStrDescriptor  usbd_desc.o
    0x0800526e   0x0800526e   0x00000002   PAD
    0x08005270   0x08005270   0x0000002c   Code   RO          121    .text.USBD_FS_ManufacturerStrDescriptor  usbd_desc.o
    0x0800529c   0x0800529c   0x00000030   Code   RO          123    .text.USBD_FS_ProductStrDescriptor  usbd_desc.o
    0x080052cc   0x080052cc   0x0000016c   Code   RO          125    .text.USBD_FS_SerialStrDescriptor  usbd_desc.o
    0x08005438   0x08005438   0x000000da   Code   RO         1689    .text.USBD_GetString  usbd_ctlreq.o
    0x08005512   0x08005512   0x00000002   PAD
    0x08005514   0x08005514   0x00000030   Code   RO         1631    .text.USBD_Init     usbd_core.o
    0x08005544   0x08005544   0x00000022   Code   RO          207    .text.USBD_LL_ClearStallEP  usbd_conf.o
    0x08005566   0x08005566   0x00000002   PAD
    0x08005568   0x08005568   0x00000022   Code   RO          201    .text.USBD_LL_CloseEP  usbd_conf.o
    0x0800558a   0x0800558a   0x00000002   PAD
    0x0800558c   0x0800558c   0x000000ca   Code   RO         1651    .text.USBD_LL_DataInStage  usbd_core.o
    0x08005656   0x08005656   0x00000002   PAD
    0x08005658   0x08005658   0x0000008a   Code   RO         1649    .text.USBD_LL_DataOutStage  usbd_core.o
    0x080056e2   0x080056e2   0x00000002   PAD
    0x080056e4   0x080056e4   0x00000008   Code   RO          217    .text.USBD_LL_GetRxDataSize  usbd_conf.o
    0x080056ec   0x080056ec   0x00000086   Code   RO          191    .text.USBD_LL_Init  usbd_conf.o
    0x08005772   0x08005772   0x00000002   PAD
    0x08005774   0x08005774   0x00000022   Code   RO          209    .text.USBD_LL_IsStallEP  usbd_conf.o
    0x08005796   0x08005796   0x00000002   PAD
    0x08005798   0x08005798   0x00000028   Code   RO          199    .text.USBD_LL_OpenEP  usbd_conf.o
    0x080057c0   0x080057c0   0x00000022   Code   RO          215    .text.USBD_LL_PrepareReceive  usbd_conf.o
    0x080057e2   0x080057e2   0x00000002   PAD
    0x080057e4   0x080057e4   0x00000054   Code   RO         1653    .text.USBD_LL_Reset  usbd_core.o
    0x08005838   0x08005838   0x00000014   Code   RO         1659    .text.USBD_LL_Resume  usbd_core.o
    0x0800584c   0x0800584c   0x0000001a   Code   RO         1661    .text.USBD_LL_SOF   usbd_core.o
    0x08005866   0x08005866   0x00000002   PAD
    0x08005868   0x08005868   0x00000008   Code   RO         1655    .text.USBD_LL_SetSpeed  usbd_core.o
    0x08005870   0x08005870   0x00000022   Code   RO          211    .text.USBD_LL_SetUSBAddress  usbd_conf.o
    0x08005892   0x08005892   0x00000002   PAD
    0x08005894   0x08005894   0x00000062   Code   RO         1647    .text.USBD_LL_SetupStage  usbd_core.o
    0x080058f6   0x080058f6   0x00000002   PAD
    0x080058f8   0x080058f8   0x00000022   Code   RO          205    .text.USBD_LL_StallEP  usbd_conf.o
    0x0800591a   0x0800591a   0x00000002   PAD
    0x0800591c   0x0800591c   0x00000022   Code   RO          195    .text.USBD_LL_Start  usbd_conf.o
    0x0800593e   0x0800593e   0x00000002   PAD
    0x08005940   0x08005940   0x00000014   Code   RO         1657    .text.USBD_LL_Suspend  usbd_core.o
    0x08005954   0x08005954   0x00000022   Code   RO          213    .text.USBD_LL_Transmit  usbd_conf.o
    0x08005976   0x08005976   0x00000002   PAD
    0x08005978   0x08005978   0x00000016   Code   RO         1687    .text.USBD_ParseSetupRequest  usbd_ctlreq.o
    0x0800598e   0x0800598e   0x00000002   PAD
    0x08005990   0x08005990   0x0000000e   Code   RO         1635    .text.USBD_RegisterClass  usbd_core.o
    0x0800599e   0x0800599e   0x00000002   PAD
    0x080059a0   0x080059a0   0x0000001c   Code   RO         1643    .text.USBD_SetClassConfig  usbd_core.o
    0x080059bc   0x080059bc   0x0000000a   Code   RO         1637    .text.USBD_Start    usbd_core.o
    0x080059c6   0x080059c6   0x00000002   PAD
    0x080059c8   0x080059c8   0x000002ca   Code   RO         1679    .text.USBD_StdDevReq  usbd_ctlreq.o
    0x08005c92   0x08005c92   0x00000002   PAD
    0x08005c94   0x08005c94   0x00000146   Code   RO         1685    .text.USBD_StdEPReq  usbd_ctlreq.o
    0x08005dda   0x08005dda   0x00000002   PAD
    0x08005ddc   0x08005ddc   0x00000076   Code   RO         1683    .text.USBD_StdItfReq  usbd_ctlreq.o
    0x08005e52   0x08005e52   0x00000002   PAD
    0x08005e54   0x08005e54   0x00000002   Code   RO          223    .text.USBD_static_free  usbd_conf.o
    0x08005e56   0x08005e56   0x00000002   PAD
    0x08005e58   0x08005e58   0x0000000a   Code   RO          221    .text.USBD_static_malloc  usbd_conf.o
    0x08005e62   0x08005e62   0x00000002   PAD
    0x08005e64   0x08005e64   0x0000024c   Code   RO          247    .text.USB_ActivateEndpoint  stm32f3xx_ll_usb.o
    0x080060b0   0x080060b0   0x000000e2   Code   RO          249    .text.USB_DeactivateEndpoint  stm32f3xx_ll_usb.o
    0x08006192   0x08006192   0x00000002   PAD
    0x08006194   0x08006194   0x00000004   Code   RO          265    .text.USB_DevConnect  stm32f3xx_ll_usb.o
    0x08006198   0x08006198   0x0000001a   Code   RO          245    .text.USB_DevInit   stm32f3xx_ll_usb.o
    0x080061b2   0x080061b2   0x00000002   PAD
    0x080061b4   0x080061b4   0x00000014   Code   RO          241    .text.USB_DisableGlobalInt  stm32f3xx_ll_usb.o
    0x080061c8   0x080061c8   0x0000007c   Code   RO          257    .text.USB_EPClearStall  stm32f3xx_ll_usb.o
    0x08006244   0x08006244   0x00000032   Code   RO          255    .text.USB_EPSetStall  stm32f3xx_ll_usb.o
    0x08006276   0x08006276   0x00000002   PAD
    0x08006278   0x08006278   0x00000846   Code   RO          251    .text.USB_EPStartXfer  stm32f3xx_ll_usb.o
    0x08006abe   0x08006abe   0x00000002   PAD
    0x08006ac0   0x08006ac0   0x00000014   Code   RO          239    .text.USB_EnableGlobalInt  stm32f3xx_ll_usb.o
    0x08006ad4   0x08006ad4   0x0000000c   Code   RO           57    .text.USB_LP_CAN_RX0_IRQHandler  stm32f3xx_it.o
    0x08006ae0   0x08006ae0   0x00000006   Code   RO          269    .text.USB_ReadInterrupts  stm32f3xx_ll_usb.o
    0x08006ae6   0x08006ae6   0x00000002   PAD
    0x08006ae8   0x08006ae8   0x000000a0   Code   RO          275    .text.USB_ReadPMA   stm32f3xx_ll_usb.o
    0x08006b88   0x08006b88   0x0000000e   Code   RO          263    .text.USB_SetDevAddress  stm32f3xx_ll_usb.o
    0x08006b96   0x08006b96   0x00000002   PAD
    0x08006b98   0x08006b98   0x00000086   Code   RO          253    .text.USB_WritePMA  stm32f3xx_ll_usb.o
    0x08006c1e   0x08006c1e   0x00000002   PAD
    0x08006c20   0x08006c20   0x00000002   Code   RO           45    .text.UsageFault_Handler  stm32f3xx_it.o
    0x08006c22   0x08006c22   0x00000006   PAD
    0x08006c28   0x08006c28   0x000005a8   Code   RO           15    .text.main          main.o
    0x080071d0   0x080071d0   0x00000062   Code   RO         1772    x$fpl$d2f           fz_wm.l(d2f.o)
    0x08007232   0x08007232   0x00000002   PAD
    0x08007234   0x08007234   0x00000150   Code   RO         1774    x$fpl$dadd          fz_wm.l(daddsub_clz.o)
    0x08007384   0x08007384   0x000002b4   Code   RO         1781    x$fpl$ddiv          fz_wm.l(ddiv.o)
    0x08007638   0x08007638   0x00000026   Code   RO         1784    x$fpl$dfltu         fz_wm.l(dflt_clz.o)
    0x0800765e   0x0800765e   0x00000002   PAD
    0x08007660   0x08007660   0x00000154   Code   RO         1790    x$fpl$dmul          fz_wm.l(dmul.o)
    0x080077b4   0x080077b4   0x0000009c   Code   RO         1793    x$fpl$dnaninf       fz_wm.l(dnaninf.o)
    0x08007850   0x08007850   0x0000000c   Code   RO         1795    x$fpl$dretinf       fz_wm.l(dretinf.o)
    0x0800785c   0x0800785c   0x000001dc   Code   RO         1776    x$fpl$dsub          fz_wm.l(daddsub_clz.o)
    0x08007a38   0x08007a38   0x0000001a   Code   RO         1886    x$fpl$fpinit        fz_wm.l(fpinit.o)
    0x08007a52   0x08007a52   0x0000000a   Code   RO         1797    x$fpl$fretinf       fz_wm.l(fretinf.o)
    0x08007a5c   0x08007a5c   0x00000000   Code   RO         1799    x$fpl$usenofp       fz_wm.l(usenofp.o)
    0x08007a5c   0x08007a5c   0x00000010   Data   RO         1621    .rodata.AHBPrescTable  system_stm32f3xx.o
    0x08007a6c   0x08007a6c   0x00000008   Data   RO         1622    .rodata.APBPrescTable  system_stm32f3xx.o
    0x08007a74   0x08007a74   0x00000020   Data   RO          465    .rodata.cst16       stm32f3xx_hal_rcc.o
    0x08007a94   0x08007a94   0x00000010   Data   RO         1579    .rodata.cst16       stm32f3xx_hal_uart.o
    0x08007aa4   0x08007aa4   0x00000020   Data   RO         1961    Region$$Table       anon$$obj.o


    Execution Region RW_IRAM2 (Exec base: 0x10000000, Load base: 0x08007b88, Size: 0x00000000, Max: 0x00002000, ABSOLUTE)

    **** No section assigned to this execution region ****


    Execution Region RW_IRAM1 (Exec base: 0x20000000, Load base: 0x08007ac8, Size: 0x00001c28, Max: 0x0000a000, ABSOLUTE, COMPRESSED[0x000000c0])

    Exec Addr    Load Addr    Size         Type   Attr      Idx    E Section Name        Object

    0x20000000   COMPRESSED   0x00000008   Data   RW          428    .data..L_MergedGlobals  stm32f3xx_hal.o
    0x20000008   COMPRESSED   0x0000001c   Data   RW          131    .data.FS_Desc       usbd_desc.o
    0x20000024   COMPRESSED   0x00000004   Data   RW         1620    .data.SystemCoreClock  system_stm32f3xx.o
    0x20000028   COMPRESSED   0x00000038   Data   RW         1752    .data.USBD_CDC      usbd_cdc.o
    0x20000060   COMPRESSED   0x00000043   Data   RW         1754    .data.USBD_CDC_CfgFSDesc  usbd_cdc.o
    0x200000a3   COMPRESSED   0x00000001   PAD
    0x200000a4   COMPRESSED   0x00000043   Data   RW         1753    .data.USBD_CDC_CfgHSDesc  usbd_cdc.o
    0x200000e7   COMPRESSED   0x00000001   PAD
    0x200000e8   COMPRESSED   0x0000000a   Data   RW         1756    .data.USBD_CDC_DeviceQualifierDesc  usbd_cdc.o
    0x200000f2   COMPRESSED   0x00000002   PAD
    0x200000f4   COMPRESSED   0x00000043   Data   RW         1755    .data.USBD_CDC_OtherSpeedCfgDesc  usbd_cdc.o
    0x20000137   COMPRESSED   0x00000001   PAD
    0x20000138   COMPRESSED   0x00000012   Data   RW          132    .data.USBD_FS_DeviceDesc  usbd_desc.o
    0x2000014a   COMPRESSED   0x00000002   PAD
    0x2000014c   COMPRESSED   0x00000010   Data   RW          154    .data.USBD_Interface_fops_FS  usbd_cdc_if.o
    0x2000015c   COMPRESSED   0x00000004   Data   RW          133    .data.USBD_LangIDDesc  usbd_desc.o
    0x20000160   COMPRESSED   0x0000001a   Data   RW          134    .data.USBD_StringSerial  usbd_desc.o
    0x2000017a   COMPRESSED   0x00000006   PAD
    0x20000180        -       0x00000060   Zero   RW         1826    .bss                c_w.l(libspace.o)
    0x200001e0        -       0x0000006c   Zero   RW           28    .bss..L_MergedGlobals  main.o
    0x2000024c        -       0x00000001   Zero   RW         1691    .bss.USBD_SetConfig.cfgidx  usbd_ctlreq.o
    0x2000024d   COMPRESSED   0x00000003   PAD
    0x20000250        -       0x00000200   Zero   RW          135    .bss.USBD_StrDesc   usbd_desc.o
    0x20000450        -       0x00000220   Zero   RW          228    .bss.USBD_static_malloc.mem  usbd_conf.o
    0x20000670        -       0x00000400   Zero   RW          155    .bss.UserRxBufferFS  usbd_cdc_if.o
    0x20000a70        -       0x00000400   Zero   RW          156    .bss.UserTxBufferFS  usbd_cdc_if.o
    0x20000e70        -       0x000002c4   Zero   RW          110    .bss.hUsbDeviceFS   usb_device.o
    0x20001134        -       0x00000050   Zero   RW           25    .bss.hadc1          main.o
    0x20001184        -       0x00000044   Zero   RW           26    .bss.hdma_adc1      main.o
    0x200011c8        -       0x000002ec   Zero   RW          227    .bss.hpcd_USB_FS    usbd_conf.o
    0x200014b4        -       0x0000004c   Zero   RW           23    .bss.htim1          main.o
    0x20001500        -       0x0000004c   Zero   RW           24    .bss.htim2          main.o
    0x2000154c        -       0x0000004c   Zero   RW           22    .bss.htim6          main.o
    0x20001598        -       0x00000088   Zero   RW           21    .bss.huart1         main.o
    0x20001620        -       0x00000004   Zero   RW          427    .bss.uwTick         stm32f3xx_hal.o
    0x20001624   COMPRESSED   0x00000004   PAD
    0x20001628        -       0x00000200   Zero   RW            2    HEAP                startup_stm32f303xc.o
    0x20001828        -       0x00000400   Zero   RW            1    STACK               startup_stm32f303xc.o


==============================================================================

Image component sizes


      Code (inc. data)   RO Data    RW Data    ZI Data      Debug   Object Name

      1560         32          0          0        620      15766   main.o
        64         26        392          0       1536        844   startup_stm32f303xc.o
       188          0          0          8          4       6354   stm32f3xx_hal.o
         6          0          0          0          0       6954   stm32f3xx_hal_adc.o
      2694         24          0          0          0      30393   stm32f3xx_hal_adc_ex.o
       200          0          0          0          0      10253   stm32f3xx_hal_cortex.o
        42          0          0          0          0       5676   stm32f3xx_hal_dac.o
       222          0          0          0          0       7962   stm32f3xx_hal_dac_ex.o
       622          0          0          0          0       7835   stm32f3xx_hal_dma.o
       438          0          0          0          0       4604   stm32f3xx_hal_gpio.o
       812          0          0          0          0      12642   stm32f3xx_hal_msp.o
      3110          0          0          0          0      16184   stm32f3xx_hal_pcd.o
        58          0          0          0          0       4047   stm32f3xx_hal_pcd_ex.o
      1452          0         32          0          0       7569   stm32f3xx_hal_rcc.o
       526          0          0          0          0       7041   stm32f3xx_hal_rcc_ex.o
      2740         22          0          0          0      59484   stm32f3xx_hal_tim.o
       328          0          0          0          0      21580   stm32f3xx_hal_tim_ex.o
      4918         40         16          0          0      34713   stm32f3xx_hal_uart.o
         2          0          0          0          0       8429   stm32f3xx_hal_uart_ex.o
       122          0          0          0          0       9120   stm32f3xx_it.o
      3490          4          0          0          0      20639   stm32f3xx_ll_usb.o
        18          0         24          4          0       2221   system_stm32f3xx.o
       114          0          0          0        708       2931   usb_device.o
       722          0          0        267          0      10173   usbd_cdc.o
        80          0          0         16       2048       4418   usbd_cdc_if.o
       734          0          0          0       1292      17077   usbd_conf.o
       710          0          0          0          0       7532   usbd_core.o
      1420         38          0          0          1       8357   usbd_ctlreq.o
       560         72          0         76        512       4281   usbd_desc.o
       128          0          0          0          0       4419   usbd_ioreq.o

    ----------------------------------------------------------------------
     28320        258        496        380       6732     359498   Object Totals
         0          0         32          0          0          0   (incl. Generated)
       240          0          0          9         11          0   (incl. Padding)

    ----------------------------------------------------------------------

      Code (inc. data)   RO Data    RW Data    ZI Data      Debug   Library Member Name

        90          0          0          0          0          0   __dczerorl2.o
         8          0          0          0          0         68   __main.o
         0          0          0          0          0          0   __rtentry.o
        12          0          0          0          0          0   __rtentry2.o
         6          0          0          0          0          0   __rtentry4.o
        52          8          0          0          0          0   __scatter.o
        28          0          0          0          0          0   __scatter_zi.o
        18          0          0          0          0         80   exit.o
         6          0          0          0          0        152   heapauxi.o
         0          0          0          0          0          0   indicate_semi.o
         2          0          0          0          0          0   libinit.o
         6          0          0          0          0          0   libinit2.o
         2          0          0          0          0          0   libshutdown.o
         2          0          0          0          0          0   libshutdown2.o
         8          4          0          0         96         68   libspace.o
        78          0          0          0          0         80   rt_memclr_w.o
         2          0          0          0          0          0   rtexit.o
        10          0          0          0          0          0   rtexit2.o
        12          4          0          0          0         68   sys_exit.o
        74          0          0          0          0         80   sys_stackheap_outer.o
         2          0          0          0          0         68   use_no_semi.o
        98          4          0          0          0        140   d2f.o
       812         16          0          0          0        392   daddsub_clz.o
       692        140          0          0          0        264   ddiv.o
        38          0          0          0          0        116   dflt_clz.o
       340         12          0          0          0        152   dmul.o
       156          4          0          0          0        140   dnaninf.o
        12          0          0          0          0        116   dretinf.o
        26          0          0          0          0        116   fpinit.o
        10          0          0          0          0        116   fretinf.o
         0          0          0          0          0          0   usenofp.o

    ----------------------------------------------------------------------
      2612        192          0          0         96       2216   Library Totals
        10          0          0          0          0          0   (incl. Padding)

    ----------------------------------------------------------------------

      Code (inc. data)   RO Data    RW Data    ZI Data      Debug   Library Name

       418         16          0          0         96        664   c_w.l
      2184        176          0          0          0       1552   fz_wm.l

    ----------------------------------------------------------------------
      2612        192          0          0         96       2216   Library Totals

    ----------------------------------------------------------------------

==============================================================================


      Code (inc. data)   RO Data    RW Data    ZI Data      Debug   

     30932        450        496        380       6828     360046   Grand Totals
     30932        450        496        192       6828     360046   ELF Image Totals (compressed)
     30932        450        496        192          0          0   ROM Totals

==============================================================================

    Total RO  Size (Code + RO Data)                31428 (  30.69kB)
    Total RW  Size (RW Data + ZI Data)              7208 (   7.04kB)
    Total ROM Size (Code + RO Data + RW Data)      31620 (  30.88kB)

==============================================================================

